// Jest Snapshot v1, https://goo.gl/fbAQLP

exports[`dropdown test suite it renders correctly 1`] = `
ShallowWrapper {
  "length": 1,
  Symbol(enzyme.__root__): [Circular],
  Symbol(enzyme.__unrendered__): <WithTheme(DropdownComponent)
    label="Drop down"
    modelPath=".dropdown"
    options={
      Array [
        Object {
          "label": "Uno",
          "value": 1,
        },
        Object {
          "label": "Dos",
          "value": 2,
        },
        Object {
          "label": "Tres",
          "value": 3,
        },
      ]
    }
    placeholder="The placeholder"
  />,
  Symbol(enzyme.__renderer__): Object {
    "batchedUpdates": [Function],
    "getNode": [Function],
    "render": [Function],
    "simulateEvent": [Function],
    "unmount": [Function],
  },
  Symbol(enzyme.__node__): Object {
    "instance": null,
    "key": undefined,
    "nodeType": "function",
    "props": Object {
      "arrowIconHeight": 8,
      "autosize": false,
      "backspaceRemoves": false,
      "borderless": true,
      "clearable": false,
      "disabled": false,
      "id": "",
      "label": "Drop down",
      "modelPath": ".dropdown",
      "multi": false,
      "onChange": [Function],
      "optionFontSize": "0.875rem",
      "options": Array [
        Object {
          "label": "Uno",
          "value": 1,
        },
        Object {
          "label": "Dos",
          "value": 2,
        },
        Object {
          "label": "Tres",
          "value": 3,
        },
      ],
      "placeholder": "The placeholder",
      "required": false,
      "searchable": true,
      "selectHeight": "3rem",
      "selectedOptionPadding": "1rem",
      "simpleValue": true,
      "theme": undefined,
    },
    "ref": null,
    "rendered": null,
    "type": [Function],
  },
  Symbol(enzyme.__nodes__): Array [
    Object {
      "instance": null,
      "key": undefined,
      "nodeType": "function",
      "props": Object {
        "arrowIconHeight": 8,
        "autosize": false,
        "backspaceRemoves": false,
        "borderless": true,
        "clearable": false,
        "disabled": false,
        "id": "",
        "label": "Drop down",
        "modelPath": ".dropdown",
        "multi": false,
        "onChange": [Function],
        "optionFontSize": "0.875rem",
        "options": Array [
          Object {
            "label": "Uno",
            "value": 1,
          },
          Object {
            "label": "Dos",
            "value": 2,
          },
          Object {
            "label": "Tres",
            "value": 3,
          },
        ],
        "placeholder": "The placeholder",
        "required": false,
        "searchable": true,
        "selectHeight": "3rem",
        "selectedOptionPadding": "1rem",
        "simpleValue": true,
        "theme": undefined,
      },
      "ref": null,
      "rendered": null,
      "type": [Function],
    },
  ],
  Symbol(enzyme.__options__): Object {
    "adapter": ReactSixteenAdapter {
      "options": Object {
        "enableComponentDidUpdateOnSetState": true,
      },
    },
  },
}
`;
