// Jest Snapshot v1, https://goo.gl/fbAQLP

exports[`Strip Delivery Alert  It renders correctly 1`] = `
ShallowWrapper {
  "length": 1,
  Symbol(enzyme.__root__): [Circular],
  Symbol(enzyme.__unrendered__): <Unknown
    conditions={
      Object {
        "consumption": Object {
          "amount": null,
          "pass": false,
          "threshold": null,
        },
        "hypers": Object {
          "amount": null,
          "pass": false,
          "threshold": null,
        },
        "hypos": Object {
          "amount": null,
          "pass": false,
          "threshold": null,
        },
        "warnings": Object {
          "amount": null,
          "pass": false,
          "threshold": null,
        },
      }
    }
  />,
  Symbol(enzyme.__renderer__): Object {
    "batchedUpdates": [Function],
    "getNode": [Function],
    "render": [Function],
    "simulateEvent": [Function],
    "unmount": [Function],
  },
  Symbol(enzyme.__node__): Object {
    "instance": null,
    "key": null,
    "nodeType": "class",
    "props": Object {
      "children": <styled.div>
        <styled.p>
          <styled.span>
            <Unknown
              height={9}
              width={9}
            />
          </styled.span>
          <styled.span>
            Hypo threshold alerts 
            <strong>
              -
            </strong>
          </styled.span>
        </styled.p>
        <styled.p>
          <styled.span>
            <Unknown
              height={9}
              width={9}
            />
          </styled.span>
          <styled.span>
            Upper limit alerts 
            <strong>
              -
            </strong>
          </styled.span>
        </styled.p>
        <styled.p>
          <styled.span>
            <Unknown
              height={9}
              width={9}
            />
          </styled.span>
          <styled.span>
            Lower limit alerts 
            <strong>
              -
            </strong>
          </styled.span>
        </styled.p>
      </styled.div>,
    },
    "ref": null,
    "rendered": Object {
      "instance": null,
      "key": null,
      "nodeType": "class",
      "props": Object {
        "children": Array [
          <styled.p>
            <styled.span>
              <Unknown
                height={9}
                width={9}
              />
            </styled.span>
            <styled.span>
              Hypo threshold alerts 
              <strong>
                -
              </strong>
            </styled.span>
          </styled.p>,
          <styled.p>
            <styled.span>
              <Unknown
                height={9}
                width={9}
              />
            </styled.span>
            <styled.span>
              Upper limit alerts 
              <strong>
                -
              </strong>
            </styled.span>
          </styled.p>,
          <styled.p>
            <styled.span>
              <Unknown
                height={9}
                width={9}
              />
            </styled.span>
            <styled.span>
              Lower limit alerts 
              <strong>
                -
              </strong>
            </styled.span>
          </styled.p>,
        ],
      },
      "ref": null,
      "rendered": Array [
        Object {
          "instance": null,
          "key": null,
          "nodeType": "class",
          "props": Object {
            "children": Array [
              <styled.span>
                <Unknown
                  height={9}
                  width={9}
                />
              </styled.span>,
              <styled.span>
                Hypo threshold alerts 
                <strong>
                  -
                </strong>
              </styled.span>,
            ],
          },
          "ref": null,
          "rendered": Array [
            Object {
              "instance": null,
              "key": null,
              "nodeType": "class",
              "props": Object {
                "children": <Unknown
                  height={9}
                  width={9}
                />,
              },
              "ref": null,
              "rendered": Object {
                "instance": null,
                "key": null,
                "nodeType": "function",
                "props": Object {
                  "height": 9,
                  "width": 9,
                },
                "ref": null,
                "rendered": null,
                "type": [Function],
              },
              "type": [Function],
            },
            Object {
              "instance": null,
              "key": null,
              "nodeType": "class",
              "props": Object {
                "children": Array [
                  "Hypo threshold alerts ",
                  <strong>
                    -
                  </strong>,
                ],
              },
              "ref": null,
              "rendered": Array [
                "Hypo threshold alerts ",
                Object {
                  "instance": null,
                  "key": null,
                  "nodeType": "host",
                  "props": Object {
                    "children": "-",
                  },
                  "ref": null,
                  "rendered": "-",
                  "type": "strong",
                },
              ],
              "type": [Function],
            },
          ],
          "type": [Function],
        },
        Object {
          "instance": null,
          "key": null,
          "nodeType": "class",
          "props": Object {
            "children": Array [
              <styled.span>
                <Unknown
                  height={9}
                  width={9}
                />
              </styled.span>,
              <styled.span>
                Upper limit alerts 
                <strong>
                  -
                </strong>
              </styled.span>,
            ],
          },
          "ref": null,
          "rendered": Array [
            Object {
              "instance": null,
              "key": null,
              "nodeType": "class",
              "props": Object {
                "children": <Unknown
                  height={9}
                  width={9}
                />,
              },
              "ref": null,
              "rendered": Object {
                "instance": null,
                "key": null,
                "nodeType": "function",
                "props": Object {
                  "height": 9,
                  "width": 9,
                },
                "ref": null,
                "rendered": null,
                "type": [Function],
              },
              "type": [Function],
            },
            Object {
              "instance": null,
              "key": null,
              "nodeType": "class",
              "props": Object {
                "children": Array [
                  "Upper limit alerts ",
                  <strong>
                    -
                  </strong>,
                ],
              },
              "ref": null,
              "rendered": Array [
                "Upper limit alerts ",
                Object {
                  "instance": null,
                  "key": null,
                  "nodeType": "host",
                  "props": Object {
                    "children": "-",
                  },
                  "ref": null,
                  "rendered": "-",
                  "type": "strong",
                },
              ],
              "type": [Function],
            },
          ],
          "type": [Function],
        },
        Object {
          "instance": null,
          "key": null,
          "nodeType": "class",
          "props": Object {
            "children": Array [
              <styled.span>
                <Unknown
                  height={9}
                  width={9}
                />
              </styled.span>,
              <styled.span>
                Lower limit alerts 
                <strong>
                  -
                </strong>
              </styled.span>,
            ],
          },
          "ref": null,
          "rendered": Array [
            Object {
              "instance": null,
              "key": null,
              "nodeType": "class",
              "props": Object {
                "children": <Unknown
                  height={9}
                  width={9}
                />,
              },
              "ref": null,
              "rendered": Object {
                "instance": null,
                "key": null,
                "nodeType": "function",
                "props": Object {
                  "height": 9,
                  "width": 9,
                },
                "ref": null,
                "rendered": null,
                "type": [Function],
              },
              "type": [Function],
            },
            Object {
              "instance": null,
              "key": null,
              "nodeType": "class",
              "props": Object {
                "children": Array [
                  "Lower limit alerts ",
                  <strong>
                    -
                  </strong>,
                ],
              },
              "ref": null,
              "rendered": Array [
                "Lower limit alerts ",
                Object {
                  "instance": null,
                  "key": null,
                  "nodeType": "host",
                  "props": Object {
                    "children": "-",
                  },
                  "ref": null,
                  "rendered": "-",
                  "type": "strong",
                },
              ],
              "type": [Function],
            },
          ],
          "type": [Function],
        },
      ],
      "type": [Function],
    },
    "type": [Function],
  },
  Symbol(enzyme.__nodes__): Array [
    Object {
      "instance": null,
      "key": null,
      "nodeType": "class",
      "props": Object {
        "children": <styled.div>
          <styled.p>
            <styled.span>
              <Unknown
                height={9}
                width={9}
              />
            </styled.span>
            <styled.span>
              Hypo threshold alerts 
              <strong>
                -
              </strong>
            </styled.span>
          </styled.p>
          <styled.p>
            <styled.span>
              <Unknown
                height={9}
                width={9}
              />
            </styled.span>
            <styled.span>
              Upper limit alerts 
              <strong>
                -
              </strong>
            </styled.span>
          </styled.p>
          <styled.p>
            <styled.span>
              <Unknown
                height={9}
                width={9}
              />
            </styled.span>
            <styled.span>
              Lower limit alerts 
              <strong>
                -
              </strong>
            </styled.span>
          </styled.p>
        </styled.div>,
      },
      "ref": null,
      "rendered": Object {
        "instance": null,
        "key": null,
        "nodeType": "class",
        "props": Object {
          "children": Array [
            <styled.p>
              <styled.span>
                <Unknown
                  height={9}
                  width={9}
                />
              </styled.span>
              <styled.span>
                Hypo threshold alerts 
                <strong>
                  -
                </strong>
              </styled.span>
            </styled.p>,
            <styled.p>
              <styled.span>
                <Unknown
                  height={9}
                  width={9}
                />
              </styled.span>
              <styled.span>
                Upper limit alerts 
                <strong>
                  -
                </strong>
              </styled.span>
            </styled.p>,
            <styled.p>
              <styled.span>
                <Unknown
                  height={9}
                  width={9}
                />
              </styled.span>
              <styled.span>
                Lower limit alerts 
                <strong>
                  -
                </strong>
              </styled.span>
            </styled.p>,
          ],
        },
        "ref": null,
        "rendered": Array [
          Object {
            "instance": null,
            "key": null,
            "nodeType": "class",
            "props": Object {
              "children": Array [
                <styled.span>
                  <Unknown
                    height={9}
                    width={9}
                  />
                </styled.span>,
                <styled.span>
                  Hypo threshold alerts 
                  <strong>
                    -
                  </strong>
                </styled.span>,
              ],
            },
            "ref": null,
            "rendered": Array [
              Object {
                "instance": null,
                "key": null,
                "nodeType": "class",
                "props": Object {
                  "children": <Unknown
                    height={9}
                    width={9}
                  />,
                },
                "ref": null,
                "rendered": Object {
                  "instance": null,
                  "key": null,
                  "nodeType": "function",
                  "props": Object {
                    "height": 9,
                    "width": 9,
                  },
                  "ref": null,
                  "rendered": null,
                  "type": [Function],
                },
                "type": [Function],
              },
              Object {
                "instance": null,
                "key": null,
                "nodeType": "class",
                "props": Object {
                  "children": Array [
                    "Hypo threshold alerts ",
                    <strong>
                      -
                    </strong>,
                  ],
                },
                "ref": null,
                "rendered": Array [
                  "Hypo threshold alerts ",
                  Object {
                    "instance": null,
                    "key": null,
                    "nodeType": "host",
                    "props": Object {
                      "children": "-",
                    },
                    "ref": null,
                    "rendered": "-",
                    "type": "strong",
                  },
                ],
                "type": [Function],
              },
            ],
            "type": [Function],
          },
          Object {
            "instance": null,
            "key": null,
            "nodeType": "class",
            "props": Object {
              "children": Array [
                <styled.span>
                  <Unknown
                    height={9}
                    width={9}
                  />
                </styled.span>,
                <styled.span>
                  Upper limit alerts 
                  <strong>
                    -
                  </strong>
                </styled.span>,
              ],
            },
            "ref": null,
            "rendered": Array [
              Object {
                "instance": null,
                "key": null,
                "nodeType": "class",
                "props": Object {
                  "children": <Unknown
                    height={9}
                    width={9}
                  />,
                },
                "ref": null,
                "rendered": Object {
                  "instance": null,
                  "key": null,
                  "nodeType": "function",
                  "props": Object {
                    "height": 9,
                    "width": 9,
                  },
                  "ref": null,
                  "rendered": null,
                  "type": [Function],
                },
                "type": [Function],
              },
              Object {
                "instance": null,
                "key": null,
                "nodeType": "class",
                "props": Object {
                  "children": Array [
                    "Upper limit alerts ",
                    <strong>
                      -
                    </strong>,
                  ],
                },
                "ref": null,
                "rendered": Array [
                  "Upper limit alerts ",
                  Object {
                    "instance": null,
                    "key": null,
                    "nodeType": "host",
                    "props": Object {
                      "children": "-",
                    },
                    "ref": null,
                    "rendered": "-",
                    "type": "strong",
                  },
                ],
                "type": [Function],
              },
            ],
            "type": [Function],
          },
          Object {
            "instance": null,
            "key": null,
            "nodeType": "class",
            "props": Object {
              "children": Array [
                <styled.span>
                  <Unknown
                    height={9}
                    width={9}
                  />
                </styled.span>,
                <styled.span>
                  Lower limit alerts 
                  <strong>
                    -
                  </strong>
                </styled.span>,
              ],
            },
            "ref": null,
            "rendered": Array [
              Object {
                "instance": null,
                "key": null,
                "nodeType": "class",
                "props": Object {
                  "children": <Unknown
                    height={9}
                    width={9}
                  />,
                },
                "ref": null,
                "rendered": Object {
                  "instance": null,
                  "key": null,
                  "nodeType": "function",
                  "props": Object {
                    "height": 9,
                    "width": 9,
                  },
                  "ref": null,
                  "rendered": null,
                  "type": [Function],
                },
                "type": [Function],
              },
              Object {
                "instance": null,
                "key": null,
                "nodeType": "class",
                "props": Object {
                  "children": Array [
                    "Lower limit alerts ",
                    <strong>
                      -
                    </strong>,
                  ],
                },
                "ref": null,
                "rendered": Array [
                  "Lower limit alerts ",
                  Object {
                    "instance": null,
                    "key": null,
                    "nodeType": "host",
                    "props": Object {
                      "children": "-",
                    },
                    "ref": null,
                    "rendered": "-",
                    "type": "strong",
                  },
                ],
                "type": [Function],
              },
            ],
            "type": [Function],
          },
        ],
        "type": [Function],
      },
      "type": [Function],
    },
  ],
  Symbol(enzyme.__options__): Object {
    "adapter": ReactSixteenAdapter {
      "options": Object {
        "enableComponentDidUpdateOnSetState": true,
      },
    },
  },
}
`;
