// Jest Snapshot v1, https://goo.gl/fbAQLP

exports[`Accordion Toggle renders correctly 1`] = `
ShallowWrapper {
  "length": 1,
  Symbol(enzyme.__root__): [Circular],
  Symbol(enzyme.__unrendered__): <Unknown
    active={true}
    disabled={false}
    id="abc-123"
    toggleHandler={[MockFunction]}
  />,
  Symbol(enzyme.__renderer__): Object {
    "batchedUpdates": [Function],
    "getNode": [Function],
    "render": [Function],
    "simulateEvent": [Function],
    "unmount": [Function],
  },
  Symbol(enzyme.__node__): Object {
    "instance": null,
    "key": null,
    "nodeType": "class",
    "props": Object {
      "active": true,
      "children": Array [
        <styled.div
          id="AccordionTitle--abc-123"
        />,
        <styled.div
          active={true}
          disabled={false}
        >
          <Unknown
            active={false}
            direction="down"
            disabled={false}
            onClick={[Function]}
            size={24}
          />
        </styled.div>,
      ],
      "disabled": false,
      "isNested": false,
      "onClick": [Function],
      "onKeyPress": [Function],
      "role": "heading",
      "tabIndex": 0,
    },
    "ref": null,
    "rendered": Array [
      Object {
        "instance": null,
        "key": null,
        "nodeType": "class",
        "props": Object {
          "children": undefined,
          "id": "AccordionTitle--abc-123",
        },
        "ref": null,
        "rendered": null,
        "type": [Function],
      },
      Object {
        "instance": null,
        "key": null,
        "nodeType": "class",
        "props": Object {
          "active": true,
          "children": <Unknown
            active={false}
            direction="down"
            disabled={false}
            onClick={[Function]}
            size={24}
          />,
          "disabled": false,
        },
        "ref": null,
        "rendered": Object {
          "instance": null,
          "key": null,
          "nodeType": "function",
          "props": Object {
            "active": false,
            "direction": "down",
            "disabled": false,
            "onClick": [Function],
            "size": 24,
          },
          "ref": null,
          "rendered": null,
          "type": [Function],
        },
        "type": [Function],
      },
    ],
    "type": [Function],
  },
  Symbol(enzyme.__nodes__): Array [
    Object {
      "instance": null,
      "key": null,
      "nodeType": "class",
      "props": Object {
        "active": true,
        "children": Array [
          <styled.div
            id="AccordionTitle--abc-123"
          />,
          <styled.div
            active={true}
            disabled={false}
          >
            <Unknown
              active={false}
              direction="down"
              disabled={false}
              onClick={[Function]}
              size={24}
            />
          </styled.div>,
        ],
        "disabled": false,
        "isNested": false,
        "onClick": [Function],
        "onKeyPress": [Function],
        "role": "heading",
        "tabIndex": 0,
      },
      "ref": null,
      "rendered": Array [
        Object {
          "instance": null,
          "key": null,
          "nodeType": "class",
          "props": Object {
            "children": undefined,
            "id": "AccordionTitle--abc-123",
          },
          "ref": null,
          "rendered": null,
          "type": [Function],
        },
        Object {
          "instance": null,
          "key": null,
          "nodeType": "class",
          "props": Object {
            "active": true,
            "children": <Unknown
              active={false}
              direction="down"
              disabled={false}
              onClick={[Function]}
              size={24}
            />,
            "disabled": false,
          },
          "ref": null,
          "rendered": Object {
            "instance": null,
            "key": null,
            "nodeType": "function",
            "props": Object {
              "active": false,
              "direction": "down",
              "disabled": false,
              "onClick": [Function],
              "size": 24,
            },
            "ref": null,
            "rendered": null,
            "type": [Function],
          },
          "type": [Function],
        },
      ],
      "type": [Function],
    },
  ],
  Symbol(enzyme.__options__): Object {
    "adapter": ReactSixteenAdapter {
      "options": Object {
        "enableComponentDidUpdateOnSetState": true,
      },
    },
  },
}
`;
