// Jest Snapshot v1, https://goo.gl/fbAQLP

exports[`table body test suite it renders correctly 1`] = `
ShallowWrapper {
  "length": 1,
  Symbol(enzyme.__root__): [Circular],
  Symbol(enzyme.__unrendered__): <styled.tbody>
    <tr>
      body
    </tr>
  </styled.tbody>,
  Symbol(enzyme.__renderer__): Object {
    "batchedUpdates": [Function],
    "getNode": [Function],
    "render": [Function],
    "simulateEvent": [Function],
    "unmount": [Function],
  },
  Symbol(enzyme.__node__): Object {
    "instance": null,
    "key": null,
    "nodeType": "host",
    "props": Object {
      "children": <tr>
        body
      </tr>,
      "className": "sc-bdVaJa eDCunu",
    },
    "ref": null,
    "rendered": Object {
      "instance": null,
      "key": null,
      "nodeType": "host",
      "props": Object {
        "children": "body",
      },
      "ref": null,
      "rendered": "body",
      "type": "tr",
    },
    "type": "tbody",
  },
  Symbol(enzyme.__nodes__): Array [
    Object {
      "instance": null,
      "key": null,
      "nodeType": "host",
      "props": Object {
        "children": <tr>
          body
        </tr>,
        "className": "sc-bdVaJa eDCunu",
      },
      "ref": null,
      "rendered": Object {
        "instance": null,
        "key": null,
        "nodeType": "host",
        "props": Object {
          "children": "body",
        },
        "ref": null,
        "rendered": "body",
        "type": "tr",
      },
      "type": "tbody",
    },
  ],
  Symbol(enzyme.__options__): Object {
    "adapter": ReactSixteenAdapter {
      "options": Object {
        "enableComponentDidUpdateOnSetState": true,
      },
    },
  },
}
`;
