// Jest Snapshot v1, https://goo.gl/fbAQLP

exports[`LogbookMealTimesRow test suite it renders correctly 1`] = `
ShallowWrapper {
  "length": 1,
  Symbol(enzyme.__root__): [Circular],
  Symbol(enzyme.__unrendered__): <Unknown
    mealTimes={
      Object {
        "BREAKFAST": Object {
          "hasBeforeAndAfterIntervals": true,
          "measurements": Array [],
          "numberOfRowsWithContent": 2,
        },
      }
    }
    numberOfRows={3}
  />,
  Symbol(enzyme.__renderer__): Object {
    "batchedUpdates": [Function],
    "getNode": [Function],
    "render": [Function],
    "simulateEvent": [Function],
    "unmount": [Function],
  },
  Symbol(enzyme.__node__): Array [
    <Unknown
      alternateFill={true}
      day={undefined}
      hasBeforeAndAfterIntervals={true}
      mealTimeMatrix={Array []}
      mouseClickHandler={[Function]}
      numberOfRowsWithContent={2}
      numberOfTotalRows={3}
      width="15rem"
    />,
  ],
  Symbol(enzyme.__nodes__): Array [
    Array [
      <Unknown
        alternateFill={true}
        day={undefined}
        hasBeforeAndAfterIntervals={true}
        mealTimeMatrix={Array []}
        mouseClickHandler={[Function]}
        numberOfRowsWithContent={2}
        numberOfTotalRows={3}
        width="15rem"
      />,
    ],
  ],
  Symbol(enzyme.__options__): Object {
    "adapter": ReactSixteenAdapter {
      "options": Object {
        "enableComponentDidUpdateOnSetState": true,
      },
    },
  },
}
`;
