// Jest Snapshot v1, https://goo.gl/fbAQLP

exports[`graph-statistics-blood-glucose test suite it renders correctly 1`] = `
ShallowWrapper {
  "length": 1,
  Symbol(enzyme.__root__): [Circular],
  Symbol(enzyme.__unrendered__): <Unknown
    bloodGlucoseMean={100}
    bloodGlucoseStandardDeviation={85}
    testsPerDay={12}
  />,
  Symbol(enzyme.__renderer__): Object {
    "batchedUpdates": [Function],
    "getNode": [Function],
    "render": [Function],
    "simulateEvent": [Function],
    "unmount": [Function],
  },
  Symbol(enzyme.__node__): Object {
    "instance": null,
    "key": null,
    "nodeType": "class",
    "props": Object {
      "borderRight": true,
      "children": Array [
        <styled.div>
          <styled.div>
            <Unknown />
             
          </styled.div>
          <LocalizedText
            textKey="graphDetails.statistics.bloodGlucose.meanBloodGlucoseTitle"
          />
        </styled.div>,
        <styled.div>
          <styled.ul
            flex="none"
          >
            <styled.li
              bold={true}
            >
              <LocalizedText
                textKey="graphDetails.statistics.bloodGlucose.glucoseLevel"
              />
            </styled.li>
            <styled.li
              bold={true}
            >
              <LocalizedText
                textKey="graphDetails.statistics.bloodGlucose.standardDeviation"
              />
            </styled.li>
            <styled.li
              bold={true}
            >
              <LocalizedText
                textKey="graphDetails.statistics.bloodGlucose.testsPerDay"
              />
            </styled.li>
          </styled.ul>
          <styled.ul>
            <styled.li>
              100 
              <LocalizedText
                textKey="graphDetails.mgPerDL"
              />
            </styled.li>
            <styled.li>
              85 
              <LocalizedText
                textKey="graphDetails.mgPerDL"
              />
            </styled.li>
            <styled.li>
              12
            </styled.li>
          </styled.ul>
          <styled.ul
            flex={8}
          />
        </styled.div>,
      ],
    },
    "ref": null,
    "rendered": Array [
      Object {
        "instance": null,
        "key": null,
        "nodeType": "class",
        "props": Object {
          "children": Array [
            <styled.div>
              <Unknown />
               
            </styled.div>,
            <LocalizedText
              textKey="graphDetails.statistics.bloodGlucose.meanBloodGlucoseTitle"
            />,
          ],
        },
        "ref": null,
        "rendered": Array [
          Object {
            "instance": null,
            "key": null,
            "nodeType": "class",
            "props": Object {
              "children": Array [
                <Unknown />,
                " ",
              ],
            },
            "ref": null,
            "rendered": Array [
              Object {
                "instance": null,
                "key": null,
                "nodeType": "function",
                "props": Object {},
                "ref": null,
                "rendered": null,
                "type": [Function],
              },
              " ",
            ],
            "type": [Function],
          },
          Object {
            "instance": null,
            "key": null,
            "nodeType": "function",
            "props": Object {
              "textKey": "graphDetails.statistics.bloodGlucose.meanBloodGlucoseTitle",
            },
            "ref": null,
            "rendered": null,
            "type": [Function],
          },
        ],
        "type": [Function],
      },
      Object {
        "instance": null,
        "key": null,
        "nodeType": "class",
        "props": Object {
          "children": Array [
            <styled.ul
              flex="none"
            >
              <styled.li
                bold={true}
              >
                <LocalizedText
                  textKey="graphDetails.statistics.bloodGlucose.glucoseLevel"
                />
              </styled.li>
              <styled.li
                bold={true}
              >
                <LocalizedText
                  textKey="graphDetails.statistics.bloodGlucose.standardDeviation"
                />
              </styled.li>
              <styled.li
                bold={true}
              >
                <LocalizedText
                  textKey="graphDetails.statistics.bloodGlucose.testsPerDay"
                />
              </styled.li>
            </styled.ul>,
            <styled.ul>
              <styled.li>
                100 
                <LocalizedText
                  textKey="graphDetails.mgPerDL"
                />
              </styled.li>
              <styled.li>
                85 
                <LocalizedText
                  textKey="graphDetails.mgPerDL"
                />
              </styled.li>
              <styled.li>
                12
              </styled.li>
            </styled.ul>,
            <styled.ul
              flex={8}
            />,
          ],
        },
        "ref": null,
        "rendered": Array [
          Object {
            "instance": null,
            "key": null,
            "nodeType": "class",
            "props": Object {
              "children": Array [
                <styled.li
                  bold={true}
                >
                  <LocalizedText
                    textKey="graphDetails.statistics.bloodGlucose.glucoseLevel"
                  />
                </styled.li>,
                <styled.li
                  bold={true}
                >
                  <LocalizedText
                    textKey="graphDetails.statistics.bloodGlucose.standardDeviation"
                  />
                </styled.li>,
                <styled.li
                  bold={true}
                >
                  <LocalizedText
                    textKey="graphDetails.statistics.bloodGlucose.testsPerDay"
                  />
                </styled.li>,
              ],
              "flex": "none",
            },
            "ref": null,
            "rendered": Array [
              Object {
                "instance": null,
                "key": null,
                "nodeType": "class",
                "props": Object {
                  "bold": true,
                  "children": <LocalizedText
                    textKey="graphDetails.statistics.bloodGlucose.glucoseLevel"
                  />,
                },
                "ref": null,
                "rendered": Object {
                  "instance": null,
                  "key": null,
                  "nodeType": "function",
                  "props": Object {
                    "textKey": "graphDetails.statistics.bloodGlucose.glucoseLevel",
                  },
                  "ref": null,
                  "rendered": null,
                  "type": [Function],
                },
                "type": [Function],
              },
              Object {
                "instance": null,
                "key": null,
                "nodeType": "class",
                "props": Object {
                  "bold": true,
                  "children": <LocalizedText
                    textKey="graphDetails.statistics.bloodGlucose.standardDeviation"
                  />,
                },
                "ref": null,
                "rendered": Object {
                  "instance": null,
                  "key": null,
                  "nodeType": "function",
                  "props": Object {
                    "textKey": "graphDetails.statistics.bloodGlucose.standardDeviation",
                  },
                  "ref": null,
                  "rendered": null,
                  "type": [Function],
                },
                "type": [Function],
              },
              Object {
                "instance": null,
                "key": null,
                "nodeType": "class",
                "props": Object {
                  "bold": true,
                  "children": <LocalizedText
                    textKey="graphDetails.statistics.bloodGlucose.testsPerDay"
                  />,
                },
                "ref": null,
                "rendered": Object {
                  "instance": null,
                  "key": null,
                  "nodeType": "function",
                  "props": Object {
                    "textKey": "graphDetails.statistics.bloodGlucose.testsPerDay",
                  },
                  "ref": null,
                  "rendered": null,
                  "type": [Function],
                },
                "type": [Function],
              },
            ],
            "type": [Function],
          },
          Object {
            "instance": null,
            "key": null,
            "nodeType": "class",
            "props": Object {
              "children": Array [
                <styled.li>
                  100 
                  <LocalizedText
                    textKey="graphDetails.mgPerDL"
                  />
                </styled.li>,
                <styled.li>
                  85 
                  <LocalizedText
                    textKey="graphDetails.mgPerDL"
                  />
                </styled.li>,
                <styled.li>
                  12
                </styled.li>,
              ],
            },
            "ref": null,
            "rendered": Array [
              Object {
                "instance": null,
                "key": null,
                "nodeType": "class",
                "props": Object {
                  "children": Array [
                    "100 ",
                    <LocalizedText
                      textKey="graphDetails.mgPerDL"
                    />,
                  ],
                },
                "ref": null,
                "rendered": Array [
                  "100 ",
                  Object {
                    "instance": null,
                    "key": null,
                    "nodeType": "function",
                    "props": Object {
                      "textKey": "graphDetails.mgPerDL",
                    },
                    "ref": null,
                    "rendered": null,
                    "type": [Function],
                  },
                ],
                "type": [Function],
              },
              Object {
                "instance": null,
                "key": null,
                "nodeType": "class",
                "props": Object {
                  "children": Array [
                    "85 ",
                    <LocalizedText
                      textKey="graphDetails.mgPerDL"
                    />,
                  ],
                },
                "ref": null,
                "rendered": Array [
                  "85 ",
                  Object {
                    "instance": null,
                    "key": null,
                    "nodeType": "function",
                    "props": Object {
                      "textKey": "graphDetails.mgPerDL",
                    },
                    "ref": null,
                    "rendered": null,
                    "type": [Function],
                  },
                ],
                "type": [Function],
              },
              Object {
                "instance": null,
                "key": null,
                "nodeType": "class",
                "props": Object {
                  "children": 12,
                },
                "ref": null,
                "rendered": 12,
                "type": [Function],
              },
            ],
            "type": [Function],
          },
          Object {
            "instance": null,
            "key": null,
            "nodeType": "class",
            "props": Object {
              "flex": 8,
            },
            "ref": null,
            "rendered": null,
            "type": [Function],
          },
        ],
        "type": [Function],
      },
    ],
    "type": [Function],
  },
  Symbol(enzyme.__nodes__): Array [
    Object {
      "instance": null,
      "key": null,
      "nodeType": "class",
      "props": Object {
        "borderRight": true,
        "children": Array [
          <styled.div>
            <styled.div>
              <Unknown />
               
            </styled.div>
            <LocalizedText
              textKey="graphDetails.statistics.bloodGlucose.meanBloodGlucoseTitle"
            />
          </styled.div>,
          <styled.div>
            <styled.ul
              flex="none"
            >
              <styled.li
                bold={true}
              >
                <LocalizedText
                  textKey="graphDetails.statistics.bloodGlucose.glucoseLevel"
                />
              </styled.li>
              <styled.li
                bold={true}
              >
                <LocalizedText
                  textKey="graphDetails.statistics.bloodGlucose.standardDeviation"
                />
              </styled.li>
              <styled.li
                bold={true}
              >
                <LocalizedText
                  textKey="graphDetails.statistics.bloodGlucose.testsPerDay"
                />
              </styled.li>
            </styled.ul>
            <styled.ul>
              <styled.li>
                100 
                <LocalizedText
                  textKey="graphDetails.mgPerDL"
                />
              </styled.li>
              <styled.li>
                85 
                <LocalizedText
                  textKey="graphDetails.mgPerDL"
                />
              </styled.li>
              <styled.li>
                12
              </styled.li>
            </styled.ul>
            <styled.ul
              flex={8}
            />
          </styled.div>,
        ],
      },
      "ref": null,
      "rendered": Array [
        Object {
          "instance": null,
          "key": null,
          "nodeType": "class",
          "props": Object {
            "children": Array [
              <styled.div>
                <Unknown />
                 
              </styled.div>,
              <LocalizedText
                textKey="graphDetails.statistics.bloodGlucose.meanBloodGlucoseTitle"
              />,
            ],
          },
          "ref": null,
          "rendered": Array [
            Object {
              "instance": null,
              "key": null,
              "nodeType": "class",
              "props": Object {
                "children": Array [
                  <Unknown />,
                  " ",
                ],
              },
              "ref": null,
              "rendered": Array [
                Object {
                  "instance": null,
                  "key": null,
                  "nodeType": "function",
                  "props": Object {},
                  "ref": null,
                  "rendered": null,
                  "type": [Function],
                },
                " ",
              ],
              "type": [Function],
            },
            Object {
              "instance": null,
              "key": null,
              "nodeType": "function",
              "props": Object {
                "textKey": "graphDetails.statistics.bloodGlucose.meanBloodGlucoseTitle",
              },
              "ref": null,
              "rendered": null,
              "type": [Function],
            },
          ],
          "type": [Function],
        },
        Object {
          "instance": null,
          "key": null,
          "nodeType": "class",
          "props": Object {
            "children": Array [
              <styled.ul
                flex="none"
              >
                <styled.li
                  bold={true}
                >
                  <LocalizedText
                    textKey="graphDetails.statistics.bloodGlucose.glucoseLevel"
                  />
                </styled.li>
                <styled.li
                  bold={true}
                >
                  <LocalizedText
                    textKey="graphDetails.statistics.bloodGlucose.standardDeviation"
                  />
                </styled.li>
                <styled.li
                  bold={true}
                >
                  <LocalizedText
                    textKey="graphDetails.statistics.bloodGlucose.testsPerDay"
                  />
                </styled.li>
              </styled.ul>,
              <styled.ul>
                <styled.li>
                  100 
                  <LocalizedText
                    textKey="graphDetails.mgPerDL"
                  />
                </styled.li>
                <styled.li>
                  85 
                  <LocalizedText
                    textKey="graphDetails.mgPerDL"
                  />
                </styled.li>
                <styled.li>
                  12
                </styled.li>
              </styled.ul>,
              <styled.ul
                flex={8}
              />,
            ],
          },
          "ref": null,
          "rendered": Array [
            Object {
              "instance": null,
              "key": null,
              "nodeType": "class",
              "props": Object {
                "children": Array [
                  <styled.li
                    bold={true}
                  >
                    <LocalizedText
                      textKey="graphDetails.statistics.bloodGlucose.glucoseLevel"
                    />
                  </styled.li>,
                  <styled.li
                    bold={true}
                  >
                    <LocalizedText
                      textKey="graphDetails.statistics.bloodGlucose.standardDeviation"
                    />
                  </styled.li>,
                  <styled.li
                    bold={true}
                  >
                    <LocalizedText
                      textKey="graphDetails.statistics.bloodGlucose.testsPerDay"
                    />
                  </styled.li>,
                ],
                "flex": "none",
              },
              "ref": null,
              "rendered": Array [
                Object {
                  "instance": null,
                  "key": null,
                  "nodeType": "class",
                  "props": Object {
                    "bold": true,
                    "children": <LocalizedText
                      textKey="graphDetails.statistics.bloodGlucose.glucoseLevel"
                    />,
                  },
                  "ref": null,
                  "rendered": Object {
                    "instance": null,
                    "key": null,
                    "nodeType": "function",
                    "props": Object {
                      "textKey": "graphDetails.statistics.bloodGlucose.glucoseLevel",
                    },
                    "ref": null,
                    "rendered": null,
                    "type": [Function],
                  },
                  "type": [Function],
                },
                Object {
                  "instance": null,
                  "key": null,
                  "nodeType": "class",
                  "props": Object {
                    "bold": true,
                    "children": <LocalizedText
                      textKey="graphDetails.statistics.bloodGlucose.standardDeviation"
                    />,
                  },
                  "ref": null,
                  "rendered": Object {
                    "instance": null,
                    "key": null,
                    "nodeType": "function",
                    "props": Object {
                      "textKey": "graphDetails.statistics.bloodGlucose.standardDeviation",
                    },
                    "ref": null,
                    "rendered": null,
                    "type": [Function],
                  },
                  "type": [Function],
                },
                Object {
                  "instance": null,
                  "key": null,
                  "nodeType": "class",
                  "props": Object {
                    "bold": true,
                    "children": <LocalizedText
                      textKey="graphDetails.statistics.bloodGlucose.testsPerDay"
                    />,
                  },
                  "ref": null,
                  "rendered": Object {
                    "instance": null,
                    "key": null,
                    "nodeType": "function",
                    "props": Object {
                      "textKey": "graphDetails.statistics.bloodGlucose.testsPerDay",
                    },
                    "ref": null,
                    "rendered": null,
                    "type": [Function],
                  },
                  "type": [Function],
                },
              ],
              "type": [Function],
            },
            Object {
              "instance": null,
              "key": null,
              "nodeType": "class",
              "props": Object {
                "children": Array [
                  <styled.li>
                    100 
                    <LocalizedText
                      textKey="graphDetails.mgPerDL"
                    />
                  </styled.li>,
                  <styled.li>
                    85 
                    <LocalizedText
                      textKey="graphDetails.mgPerDL"
                    />
                  </styled.li>,
                  <styled.li>
                    12
                  </styled.li>,
                ],
              },
              "ref": null,
              "rendered": Array [
                Object {
                  "instance": null,
                  "key": null,
                  "nodeType": "class",
                  "props": Object {
                    "children": Array [
                      "100 ",
                      <LocalizedText
                        textKey="graphDetails.mgPerDL"
                      />,
                    ],
                  },
                  "ref": null,
                  "rendered": Array [
                    "100 ",
                    Object {
                      "instance": null,
                      "key": null,
                      "nodeType": "function",
                      "props": Object {
                        "textKey": "graphDetails.mgPerDL",
                      },
                      "ref": null,
                      "rendered": null,
                      "type": [Function],
                    },
                  ],
                  "type": [Function],
                },
                Object {
                  "instance": null,
                  "key": null,
                  "nodeType": "class",
                  "props": Object {
                    "children": Array [
                      "85 ",
                      <LocalizedText
                        textKey="graphDetails.mgPerDL"
                      />,
                    ],
                  },
                  "ref": null,
                  "rendered": Array [
                    "85 ",
                    Object {
                      "instance": null,
                      "key": null,
                      "nodeType": "function",
                      "props": Object {
                        "textKey": "graphDetails.mgPerDL",
                      },
                      "ref": null,
                      "rendered": null,
                      "type": [Function],
                    },
                  ],
                  "type": [Function],
                },
                Object {
                  "instance": null,
                  "key": null,
                  "nodeType": "class",
                  "props": Object {
                    "children": 12,
                  },
                  "ref": null,
                  "rendered": 12,
                  "type": [Function],
                },
              ],
              "type": [Function],
            },
            Object {
              "instance": null,
              "key": null,
              "nodeType": "class",
              "props": Object {
                "flex": 8,
              },
              "ref": null,
              "rendered": null,
              "type": [Function],
            },
          ],
          "type": [Function],
        },
      ],
      "type": [Function],
    },
  ],
  Symbol(enzyme.__options__): Object {
    "adapter": ReactSixteenAdapter {
      "options": Object {
        "enableComponentDidUpdateOnSetState": true,
      },
    },
  },
}
`;
