// Jest Snapshot v1, https://goo.gl/fbAQLP

exports[`labelled dropdown test suite it renders correctly 1`] = `
ShallowWrapper {
  "length": 1,
  Symbol(enzyme.__root__): [Circular],
  Symbol(enzyme.__unrendered__): <Unknown
    disabled={false}
    label="Drop down"
    labelIsInline={true}
    modelPath=".dropdown"
    options={
      Array [
        Object {
          "label": "Uno",
          "value": 1,
        },
        Object {
          "label": "Dos",
          "value": 2,
        },
        Object {
          "label": "Tres",
          "value": 3,
        },
      ]
    }
  />,
  Symbol(enzyme.__renderer__): Object {
    "batchedUpdates": [Function],
    "getNode": [Function],
    "render": [Function],
    "simulateEvent": [Function],
    "unmount": [Function],
  },
  Symbol(enzyme.__node__): Object {
    "instance": null,
    "key": null,
    "nodeType": "class",
    "props": Object {
      "children": Array [
        <styled.label
          htmlFor=".dropdown"
          labelIsInline={true}
        >
          Drop down
        </styled.label>,
        <Dropdown
          autosize={false}
          backspaceRemoves={false}
          clearable={false}
          disabled={false}
          id=""
          label="Drop down"
          modelPath=".dropdown"
          multi={false}
          onChange={[Function]}
          optionFontSize="0.875rem"
          options={
            Array [
              Object {
                "label": "Uno",
                "value": 1,
              },
              Object {
                "label": "Dos",
                "value": 2,
              },
              Object {
                "label": "Tres",
                "value": 3,
              },
            ]
          }
          placeholder=""
          required={true}
          searchable={false}
          selectHeight="3rem"
          selectedOptionPadding="1rem"
          simpleValue={true}
        />,
      ],
      "labelIsInline": true,
    },
    "ref": null,
    "rendered": Array [
      Object {
        "instance": null,
        "key": null,
        "nodeType": "class",
        "props": Object {
          "children": "Drop down",
          "htmlFor": ".dropdown",
          "labelIsInline": true,
        },
        "ref": null,
        "rendered": "Drop down",
        "type": [Function],
      },
      Object {
        "instance": null,
        "key": null,
        "nodeType": "function",
        "props": Object {
          "autosize": false,
          "backspaceRemoves": false,
          "clearable": false,
          "disabled": false,
          "id": "",
          "label": "Drop down",
          "modelPath": ".dropdown",
          "multi": false,
          "onChange": [Function],
          "optionFontSize": "0.875rem",
          "options": Array [
            Object {
              "label": "Uno",
              "value": 1,
            },
            Object {
              "label": "Dos",
              "value": 2,
            },
            Object {
              "label": "Tres",
              "value": 3,
            },
          ],
          "placeholder": "",
          "required": true,
          "searchable": false,
          "selectHeight": "3rem",
          "selectedOptionPadding": "1rem",
          "simpleValue": true,
        },
        "ref": null,
        "rendered": null,
        "type": [Function],
      },
    ],
    "type": [Function],
  },
  Symbol(enzyme.__nodes__): Array [
    Object {
      "instance": null,
      "key": null,
      "nodeType": "class",
      "props": Object {
        "children": Array [
          <styled.label
            htmlFor=".dropdown"
            labelIsInline={true}
          >
            Drop down
          </styled.label>,
          <Dropdown
            autosize={false}
            backspaceRemoves={false}
            clearable={false}
            disabled={false}
            id=""
            label="Drop down"
            modelPath=".dropdown"
            multi={false}
            onChange={[Function]}
            optionFontSize="0.875rem"
            options={
              Array [
                Object {
                  "label": "Uno",
                  "value": 1,
                },
                Object {
                  "label": "Dos",
                  "value": 2,
                },
                Object {
                  "label": "Tres",
                  "value": 3,
                },
              ]
            }
            placeholder=""
            required={true}
            searchable={false}
            selectHeight="3rem"
            selectedOptionPadding="1rem"
            simpleValue={true}
          />,
        ],
        "labelIsInline": true,
      },
      "ref": null,
      "rendered": Array [
        Object {
          "instance": null,
          "key": null,
          "nodeType": "class",
          "props": Object {
            "children": "Drop down",
            "htmlFor": ".dropdown",
            "labelIsInline": true,
          },
          "ref": null,
          "rendered": "Drop down",
          "type": [Function],
        },
        Object {
          "instance": null,
          "key": null,
          "nodeType": "function",
          "props": Object {
            "autosize": false,
            "backspaceRemoves": false,
            "clearable": false,
            "disabled": false,
            "id": "",
            "label": "Drop down",
            "modelPath": ".dropdown",
            "multi": false,
            "onChange": [Function],
            "optionFontSize": "0.875rem",
            "options": Array [
              Object {
                "label": "Uno",
                "value": 1,
              },
              Object {
                "label": "Dos",
                "value": 2,
              },
              Object {
                "label": "Tres",
                "value": 3,
              },
            ],
            "placeholder": "",
            "required": true,
            "searchable": false,
            "selectHeight": "3rem",
            "selectedOptionPadding": "1rem",
            "simpleValue": true,
          },
          "ref": null,
          "rendered": null,
          "type": [Function],
        },
      ],
      "type": [Function],
    },
  ],
  Symbol(enzyme.__options__): Object {
    "adapter": ReactSixteenAdapter {
      "options": Object {
        "enableComponentDidUpdateOnSetState": true,
      },
    },
  },
}
`;
