// Jest Snapshot v1, https://goo.gl/fbAQLP

exports[`Banner renders correctly 1`] = `
ShallowWrapper {
  "length": 1,
  Symbol(enzyme.__root__): [Circular],
  Symbol(enzyme.__unrendered__): <Unknown
    text="Alert! You are running a test."
  />,
  Symbol(enzyme.__renderer__): Object {
    "batchedUpdates": [Function],
    "getNode": [Function],
    "render": [Function],
    "simulateEvent": [Function],
    "unmount": [Function],
  },
  Symbol(enzyme.__node__): Object {
    "instance": null,
    "key": null,
    "nodeType": "class",
    "props": Object {
      "children": <styled.p>
        Alert! You are running a test.
      </styled.p>,
    },
    "ref": null,
    "rendered": Object {
      "instance": null,
      "key": null,
      "nodeType": "class",
      "props": Object {
        "children": "Alert! You are running a test.",
      },
      "ref": null,
      "rendered": "Alert! You are running a test.",
      "type": [Function],
    },
    "type": [Function],
  },
  Symbol(enzyme.__nodes__): Array [
    Object {
      "instance": null,
      "key": null,
      "nodeType": "class",
      "props": Object {
        "children": <styled.p>
          Alert! You are running a test.
        </styled.p>,
      },
      "ref": null,
      "rendered": Object {
        "instance": null,
        "key": null,
        "nodeType": "class",
        "props": Object {
          "children": "Alert! You are running a test.",
        },
        "ref": null,
        "rendered": "Alert! You are running a test.",
        "type": [Function],
      },
      "type": [Function],
    },
  ],
  Symbol(enzyme.__options__): Object {
    "adapter": ReactSixteenAdapter {
      "options": Object {
        "enableComponentDidUpdateOnSetState": true,
      },
    },
  },
}
`;
