// Jest Snapshot v1, https://goo.gl/fbAQLP

exports[`Alerts header component Renders correctly 1`] = `
ShallowWrapper {
  "length": 1,
  Symbol(enzyme.__root__): [Circular],
  Symbol(enzyme.__unrendered__): <Unknown />,
  Symbol(enzyme.__renderer__): Object {
    "batchedUpdates": [Function],
    "getNode": [Function],
    "render": [Function],
    "simulateEvent": [Function],
    "unmount": [Function],
  },
  Symbol(enzyme.__node__): Object {
    "instance": null,
    "key": null,
    "nodeType": "class",
    "props": Object {
      "children": <styled.div>
        <GridItemWithoutVerticalPadding
          columns="4"
          span="1"
        >
          <styled.p>
            <LocalizedText
              textKey="alerts.preIdealInterval"
            />
          </styled.p>
        </GridItemWithoutVerticalPadding>
        <GridItemWithoutVerticalPadding
          columns="4"
          span="1"
        >
          <styled.p>
            <LocalizedText
              textKey="alerts.postIdealInterval"
            />
          </styled.p>
        </GridItemWithoutVerticalPadding>
        <GridItemWithoutVerticalPadding
          columns="4"
          span="1"
        >
          <styled.p>
            <LocalizedText
              textKey="alerts.noctIdealInterval"
            />
          </styled.p>
        </GridItemWithoutVerticalPadding>
        <GridItemWithoutVerticalPadding
          columns="4"
          span="1"
        >
          <styled.p>
            <LocalizedText
              textKey="alerts.alertSettings"
            />
          </styled.p>
        </GridItemWithoutVerticalPadding>
      </styled.div>,
    },
    "ref": null,
    "rendered": Object {
      "instance": null,
      "key": null,
      "nodeType": "class",
      "props": Object {
        "children": Array [
          <GridItemWithoutVerticalPadding
            columns="4"
            span="1"
          >
            <styled.p>
              <LocalizedText
                textKey="alerts.preIdealInterval"
              />
            </styled.p>
          </GridItemWithoutVerticalPadding>,
          <GridItemWithoutVerticalPadding
            columns="4"
            span="1"
          >
            <styled.p>
              <LocalizedText
                textKey="alerts.postIdealInterval"
              />
            </styled.p>
          </GridItemWithoutVerticalPadding>,
          <GridItemWithoutVerticalPadding
            columns="4"
            span="1"
          >
            <styled.p>
              <LocalizedText
                textKey="alerts.noctIdealInterval"
              />
            </styled.p>
          </GridItemWithoutVerticalPadding>,
          <GridItemWithoutVerticalPadding
            columns="4"
            span="1"
          >
            <styled.p>
              <LocalizedText
                textKey="alerts.alertSettings"
              />
            </styled.p>
          </GridItemWithoutVerticalPadding>,
        ],
      },
      "ref": null,
      "rendered": Array [
        Object {
          "instance": null,
          "key": null,
          "nodeType": "class",
          "props": Object {
            "children": <styled.p>
              <LocalizedText
                textKey="alerts.preIdealInterval"
              />
            </styled.p>,
            "columns": "4",
            "span": "1",
          },
          "ref": null,
          "rendered": Object {
            "instance": null,
            "key": null,
            "nodeType": "class",
            "props": Object {
              "children": <LocalizedText
                textKey="alerts.preIdealInterval"
              />,
            },
            "ref": null,
            "rendered": Object {
              "instance": null,
              "key": null,
              "nodeType": "function",
              "props": Object {
                "textKey": "alerts.preIdealInterval",
              },
              "ref": null,
              "rendered": null,
              "type": [Function],
            },
            "type": [Function],
          },
          "type": [Function],
        },
        Object {
          "instance": null,
          "key": null,
          "nodeType": "class",
          "props": Object {
            "children": <styled.p>
              <LocalizedText
                textKey="alerts.postIdealInterval"
              />
            </styled.p>,
            "columns": "4",
            "span": "1",
          },
          "ref": null,
          "rendered": Object {
            "instance": null,
            "key": null,
            "nodeType": "class",
            "props": Object {
              "children": <LocalizedText
                textKey="alerts.postIdealInterval"
              />,
            },
            "ref": null,
            "rendered": Object {
              "instance": null,
              "key": null,
              "nodeType": "function",
              "props": Object {
                "textKey": "alerts.postIdealInterval",
              },
              "ref": null,
              "rendered": null,
              "type": [Function],
            },
            "type": [Function],
          },
          "type": [Function],
        },
        Object {
          "instance": null,
          "key": null,
          "nodeType": "class",
          "props": Object {
            "children": <styled.p>
              <LocalizedText
                textKey="alerts.noctIdealInterval"
              />
            </styled.p>,
            "columns": "4",
            "span": "1",
          },
          "ref": null,
          "rendered": Object {
            "instance": null,
            "key": null,
            "nodeType": "class",
            "props": Object {
              "children": <LocalizedText
                textKey="alerts.noctIdealInterval"
              />,
            },
            "ref": null,
            "rendered": Object {
              "instance": null,
              "key": null,
              "nodeType": "function",
              "props": Object {
                "textKey": "alerts.noctIdealInterval",
              },
              "ref": null,
              "rendered": null,
              "type": [Function],
            },
            "type": [Function],
          },
          "type": [Function],
        },
        Object {
          "instance": null,
          "key": null,
          "nodeType": "class",
          "props": Object {
            "children": <styled.p>
              <LocalizedText
                textKey="alerts.alertSettings"
              />
            </styled.p>,
            "columns": "4",
            "span": "1",
          },
          "ref": null,
          "rendered": Object {
            "instance": null,
            "key": null,
            "nodeType": "class",
            "props": Object {
              "children": <LocalizedText
                textKey="alerts.alertSettings"
              />,
            },
            "ref": null,
            "rendered": Object {
              "instance": null,
              "key": null,
              "nodeType": "function",
              "props": Object {
                "textKey": "alerts.alertSettings",
              },
              "ref": null,
              "rendered": null,
              "type": [Function],
            },
            "type": [Function],
          },
          "type": [Function],
        },
      ],
      "type": [Function],
    },
    "type": [Function],
  },
  Symbol(enzyme.__nodes__): Array [
    Object {
      "instance": null,
      "key": null,
      "nodeType": "class",
      "props": Object {
        "children": <styled.div>
          <GridItemWithoutVerticalPadding
            columns="4"
            span="1"
          >
            <styled.p>
              <LocalizedText
                textKey="alerts.preIdealInterval"
              />
            </styled.p>
          </GridItemWithoutVerticalPadding>
          <GridItemWithoutVerticalPadding
            columns="4"
            span="1"
          >
            <styled.p>
              <LocalizedText
                textKey="alerts.postIdealInterval"
              />
            </styled.p>
          </GridItemWithoutVerticalPadding>
          <GridItemWithoutVerticalPadding
            columns="4"
            span="1"
          >
            <styled.p>
              <LocalizedText
                textKey="alerts.noctIdealInterval"
              />
            </styled.p>
          </GridItemWithoutVerticalPadding>
          <GridItemWithoutVerticalPadding
            columns="4"
            span="1"
          >
            <styled.p>
              <LocalizedText
                textKey="alerts.alertSettings"
              />
            </styled.p>
          </GridItemWithoutVerticalPadding>
        </styled.div>,
      },
      "ref": null,
      "rendered": Object {
        "instance": null,
        "key": null,
        "nodeType": "class",
        "props": Object {
          "children": Array [
            <GridItemWithoutVerticalPadding
              columns="4"
              span="1"
            >
              <styled.p>
                <LocalizedText
                  textKey="alerts.preIdealInterval"
                />
              </styled.p>
            </GridItemWithoutVerticalPadding>,
            <GridItemWithoutVerticalPadding
              columns="4"
              span="1"
            >
              <styled.p>
                <LocalizedText
                  textKey="alerts.postIdealInterval"
                />
              </styled.p>
            </GridItemWithoutVerticalPadding>,
            <GridItemWithoutVerticalPadding
              columns="4"
              span="1"
            >
              <styled.p>
                <LocalizedText
                  textKey="alerts.noctIdealInterval"
                />
              </styled.p>
            </GridItemWithoutVerticalPadding>,
            <GridItemWithoutVerticalPadding
              columns="4"
              span="1"
            >
              <styled.p>
                <LocalizedText
                  textKey="alerts.alertSettings"
                />
              </styled.p>
            </GridItemWithoutVerticalPadding>,
          ],
        },
        "ref": null,
        "rendered": Array [
          Object {
            "instance": null,
            "key": null,
            "nodeType": "class",
            "props": Object {
              "children": <styled.p>
                <LocalizedText
                  textKey="alerts.preIdealInterval"
                />
              </styled.p>,
              "columns": "4",
              "span": "1",
            },
            "ref": null,
            "rendered": Object {
              "instance": null,
              "key": null,
              "nodeType": "class",
              "props": Object {
                "children": <LocalizedText
                  textKey="alerts.preIdealInterval"
                />,
              },
              "ref": null,
              "rendered": Object {
                "instance": null,
                "key": null,
                "nodeType": "function",
                "props": Object {
                  "textKey": "alerts.preIdealInterval",
                },
                "ref": null,
                "rendered": null,
                "type": [Function],
              },
              "type": [Function],
            },
            "type": [Function],
          },
          Object {
            "instance": null,
            "key": null,
            "nodeType": "class",
            "props": Object {
              "children": <styled.p>
                <LocalizedText
                  textKey="alerts.postIdealInterval"
                />
              </styled.p>,
              "columns": "4",
              "span": "1",
            },
            "ref": null,
            "rendered": Object {
              "instance": null,
              "key": null,
              "nodeType": "class",
              "props": Object {
                "children": <LocalizedText
                  textKey="alerts.postIdealInterval"
                />,
              },
              "ref": null,
              "rendered": Object {
                "instance": null,
                "key": null,
                "nodeType": "function",
                "props": Object {
                  "textKey": "alerts.postIdealInterval",
                },
                "ref": null,
                "rendered": null,
                "type": [Function],
              },
              "type": [Function],
            },
            "type": [Function],
          },
          Object {
            "instance": null,
            "key": null,
            "nodeType": "class",
            "props": Object {
              "children": <styled.p>
                <LocalizedText
                  textKey="alerts.noctIdealInterval"
                />
              </styled.p>,
              "columns": "4",
              "span": "1",
            },
            "ref": null,
            "rendered": Object {
              "instance": null,
              "key": null,
              "nodeType": "class",
              "props": Object {
                "children": <LocalizedText
                  textKey="alerts.noctIdealInterval"
                />,
              },
              "ref": null,
              "rendered": Object {
                "instance": null,
                "key": null,
                "nodeType": "function",
                "props": Object {
                  "textKey": "alerts.noctIdealInterval",
                },
                "ref": null,
                "rendered": null,
                "type": [Function],
              },
              "type": [Function],
            },
            "type": [Function],
          },
          Object {
            "instance": null,
            "key": null,
            "nodeType": "class",
            "props": Object {
              "children": <styled.p>
                <LocalizedText
                  textKey="alerts.alertSettings"
                />
              </styled.p>,
              "columns": "4",
              "span": "1",
            },
            "ref": null,
            "rendered": Object {
              "instance": null,
              "key": null,
              "nodeType": "class",
              "props": Object {
                "children": <LocalizedText
                  textKey="alerts.alertSettings"
                />,
              },
              "ref": null,
              "rendered": Object {
                "instance": null,
                "key": null,
                "nodeType": "function",
                "props": Object {
                  "textKey": "alerts.alertSettings",
                },
                "ref": null,
                "rendered": null,
                "type": [Function],
              },
              "type": [Function],
            },
            "type": [Function],
          },
        ],
        "type": [Function],
      },
      "type": [Function],
    },
  ],
  Symbol(enzyme.__options__): Object {
    "adapter": ReactSixteenAdapter {
      "options": Object {
        "enableComponentDidUpdateOnSetState": true,
      },
    },
  },
}
`;
