// Jest Snapshot v1, https://goo.gl/fbAQLP

exports[`CardPopover renders correctly 1`] = `
ShallowWrapper {
  "length": 1,
  Symbol(enzyme.__root__): [Circular],
  Symbol(enzyme.__unrendered__): <Unknown
    innerRef={[Function]}
    popoverActions={
      Array [
        Object {
          "textKey": "dashboard.patientCardPopover.timePeriods",
          "url": "/",
        },
      ]
    }
    popoverTitleKey="dashboard.patientCardPopover.header"
    show={true}
  />,
  Symbol(enzyme.__renderer__): Object {
    "batchedUpdates": [Function],
    "getNode": [Function],
    "render": [Function],
    "simulateEvent": [Function],
    "unmount": [Function],
  },
  Symbol(enzyme.__node__): Object {
    "instance": null,
    "key": null,
    "nodeType": "class",
    "props": Object {
      "children": <Unknown
        pushLeft={0}
        show={true}
        width={17}
      >
        <styled.div>
          <LocalizedText
            textKey="userDropdown.managePatientProfile"
          />
        </styled.div>
        <styled.ul>
          <styled.li>
            <Styled(Link)
              to="/"
            >
              <styled.span>
                <LocalizedText
                  textKey="dashboard.patientCardPopover.timePeriods"
                />
              </styled.span>
            </Styled(Link)>
          </styled.li>
        </styled.ul>
      </Unknown>,
      "innerRef": [Function],
    },
    "ref": null,
    "rendered": Object {
      "instance": null,
      "key": null,
      "nodeType": "function",
      "props": Object {
        "children": Array [
          <styled.div>
            <LocalizedText
              textKey="userDropdown.managePatientProfile"
            />
          </styled.div>,
          <styled.ul>
            <styled.li>
              <Styled(Link)
                to="/"
              >
                <styled.span>
                  <LocalizedText
                    textKey="dashboard.patientCardPopover.timePeriods"
                  />
                </styled.span>
              </Styled(Link)>
            </styled.li>
          </styled.ul>,
        ],
        "pushLeft": 0,
        "show": true,
        "width": 17,
      },
      "ref": null,
      "rendered": Array [
        Object {
          "instance": null,
          "key": null,
          "nodeType": "class",
          "props": Object {
            "children": <LocalizedText
              textKey="userDropdown.managePatientProfile"
            />,
          },
          "ref": null,
          "rendered": Object {
            "instance": null,
            "key": null,
            "nodeType": "function",
            "props": Object {
              "textKey": "userDropdown.managePatientProfile",
            },
            "ref": null,
            "rendered": null,
            "type": [Function],
          },
          "type": [Function],
        },
        Object {
          "instance": null,
          "key": null,
          "nodeType": "class",
          "props": Object {
            "children": Array [
              <styled.li>
                <Styled(Link)
                  to="/"
                >
                  <styled.span>
                    <LocalizedText
                      textKey="dashboard.patientCardPopover.timePeriods"
                    />
                  </styled.span>
                </Styled(Link)>
              </styled.li>,
            ],
          },
          "ref": null,
          "rendered": Array [
            Object {
              "instance": null,
              "key": "popover-action-dashboard.patientCardPopover.timePeriods",
              "nodeType": "class",
              "props": Object {
                "children": <Styled(Link)
                  to="/"
                >
                  <styled.span>
                    <LocalizedText
                      textKey="dashboard.patientCardPopover.timePeriods"
                    />
                  </styled.span>
                </Styled(Link)>,
              },
              "ref": null,
              "rendered": Object {
                "instance": null,
                "key": null,
                "nodeType": "class",
                "props": Object {
                  "children": <styled.span>
                    <LocalizedText
                      textKey="dashboard.patientCardPopover.timePeriods"
                    />
                  </styled.span>,
                  "to": "/",
                },
                "ref": null,
                "rendered": Object {
                  "instance": null,
                  "key": null,
                  "nodeType": "class",
                  "props": Object {
                    "children": <LocalizedText
                      textKey="dashboard.patientCardPopover.timePeriods"
                    />,
                  },
                  "ref": null,
                  "rendered": Object {
                    "instance": null,
                    "key": null,
                    "nodeType": "function",
                    "props": Object {
                      "textKey": "dashboard.patientCardPopover.timePeriods",
                    },
                    "ref": null,
                    "rendered": null,
                    "type": [Function],
                  },
                  "type": [Function],
                },
                "type": [Function],
              },
              "type": [Function],
            },
          ],
          "type": [Function],
        },
      ],
      "type": [Function],
    },
    "type": [Function],
  },
  Symbol(enzyme.__nodes__): Array [
    Object {
      "instance": null,
      "key": null,
      "nodeType": "class",
      "props": Object {
        "children": <Unknown
          pushLeft={0}
          show={true}
          width={17}
        >
          <styled.div>
            <LocalizedText
              textKey="userDropdown.managePatientProfile"
            />
          </styled.div>
          <styled.ul>
            <styled.li>
              <Styled(Link)
                to="/"
              >
                <styled.span>
                  <LocalizedText
                    textKey="dashboard.patientCardPopover.timePeriods"
                  />
                </styled.span>
              </Styled(Link)>
            </styled.li>
          </styled.ul>
        </Unknown>,
        "innerRef": [Function],
      },
      "ref": null,
      "rendered": Object {
        "instance": null,
        "key": null,
        "nodeType": "function",
        "props": Object {
          "children": Array [
            <styled.div>
              <LocalizedText
                textKey="userDropdown.managePatientProfile"
              />
            </styled.div>,
            <styled.ul>
              <styled.li>
                <Styled(Link)
                  to="/"
                >
                  <styled.span>
                    <LocalizedText
                      textKey="dashboard.patientCardPopover.timePeriods"
                    />
                  </styled.span>
                </Styled(Link)>
              </styled.li>
            </styled.ul>,
          ],
          "pushLeft": 0,
          "show": true,
          "width": 17,
        },
        "ref": null,
        "rendered": Array [
          Object {
            "instance": null,
            "key": null,
            "nodeType": "class",
            "props": Object {
              "children": <LocalizedText
                textKey="userDropdown.managePatientProfile"
              />,
            },
            "ref": null,
            "rendered": Object {
              "instance": null,
              "key": null,
              "nodeType": "function",
              "props": Object {
                "textKey": "userDropdown.managePatientProfile",
              },
              "ref": null,
              "rendered": null,
              "type": [Function],
            },
            "type": [Function],
          },
          Object {
            "instance": null,
            "key": null,
            "nodeType": "class",
            "props": Object {
              "children": Array [
                <styled.li>
                  <Styled(Link)
                    to="/"
                  >
                    <styled.span>
                      <LocalizedText
                        textKey="dashboard.patientCardPopover.timePeriods"
                      />
                    </styled.span>
                  </Styled(Link)>
                </styled.li>,
              ],
            },
            "ref": null,
            "rendered": Array [
              Object {
                "instance": null,
                "key": "popover-action-dashboard.patientCardPopover.timePeriods",
                "nodeType": "class",
                "props": Object {
                  "children": <Styled(Link)
                    to="/"
                  >
                    <styled.span>
                      <LocalizedText
                        textKey="dashboard.patientCardPopover.timePeriods"
                      />
                    </styled.span>
                  </Styled(Link)>,
                },
                "ref": null,
                "rendered": Object {
                  "instance": null,
                  "key": null,
                  "nodeType": "class",
                  "props": Object {
                    "children": <styled.span>
                      <LocalizedText
                        textKey="dashboard.patientCardPopover.timePeriods"
                      />
                    </styled.span>,
                    "to": "/",
                  },
                  "ref": null,
                  "rendered": Object {
                    "instance": null,
                    "key": null,
                    "nodeType": "class",
                    "props": Object {
                      "children": <LocalizedText
                        textKey="dashboard.patientCardPopover.timePeriods"
                      />,
                    },
                    "ref": null,
                    "rendered": Object {
                      "instance": null,
                      "key": null,
                      "nodeType": "function",
                      "props": Object {
                        "textKey": "dashboard.patientCardPopover.timePeriods",
                      },
                      "ref": null,
                      "rendered": null,
                      "type": [Function],
                    },
                    "type": [Function],
                  },
                  "type": [Function],
                },
                "type": [Function],
              },
            ],
            "type": [Function],
          },
        ],
        "type": [Function],
      },
      "type": [Function],
    },
  ],
  Symbol(enzyme.__options__): Object {
    "adapter": ReactSixteenAdapter {
      "options": Object {
        "enableComponentDidUpdateOnSetState": true,
      },
    },
  },
}
`;
