// Jest Snapshot v1, https://goo.gl/fbAQLP

exports[`Back button component renders properly 1`] = `
ShallowWrapper {
  "length": 1,
  Symbol(enzyme.__root__): [Circular],
  Symbol(enzyme.__unrendered__): <Unknown
    to="/prescription"
  />,
  Symbol(enzyme.__renderer__): Object {
    "batchedUpdates": [Function],
    "getNode": [Function],
    "render": [Function],
    "simulateEvent": [Function],
    "unmount": [Function],
  },
  Symbol(enzyme.__node__): Object {
    "instance": null,
    "key": null,
    "nodeType": "class",
    "props": Object {
      "children": <Styled(Link)
        to="/prescription"
      >
        <ArrowLeftSpan>
          <Unknown
            fillColor="#4A4A4A"
            height={10}
          />
        </ArrowLeftSpan>
      </Styled(Link)>,
    },
    "ref": null,
    "rendered": Object {
      "instance": null,
      "key": null,
      "nodeType": "class",
      "props": Object {
        "children": <ArrowLeftSpan>
          <Unknown
            fillColor="#4A4A4A"
            height={10}
          />
        </ArrowLeftSpan>,
        "to": "/prescription",
      },
      "ref": null,
      "rendered": Object {
        "instance": null,
        "key": null,
        "nodeType": "class",
        "props": Object {
          "children": <Unknown
            fillColor="#4A4A4A"
            height={10}
          />,
        },
        "ref": null,
        "rendered": Object {
          "instance": null,
          "key": null,
          "nodeType": "function",
          "props": Object {
            "fillColor": "#4A4A4A",
            "height": 10,
          },
          "ref": null,
          "rendered": null,
          "type": [Function],
        },
        "type": [Function],
      },
      "type": [Function],
    },
    "type": [Function],
  },
  Symbol(enzyme.__nodes__): Array [
    Object {
      "instance": null,
      "key": null,
      "nodeType": "class",
      "props": Object {
        "children": <Styled(Link)
          to="/prescription"
        >
          <ArrowLeftSpan>
            <Unknown
              fillColor="#4A4A4A"
              height={10}
            />
          </ArrowLeftSpan>
        </Styled(Link)>,
      },
      "ref": null,
      "rendered": Object {
        "instance": null,
        "key": null,
        "nodeType": "class",
        "props": Object {
          "children": <ArrowLeftSpan>
            <Unknown
              fillColor="#4A4A4A"
              height={10}
            />
          </ArrowLeftSpan>,
          "to": "/prescription",
        },
        "ref": null,
        "rendered": Object {
          "instance": null,
          "key": null,
          "nodeType": "class",
          "props": Object {
            "children": <Unknown
              fillColor="#4A4A4A"
              height={10}
            />,
          },
          "ref": null,
          "rendered": Object {
            "instance": null,
            "key": null,
            "nodeType": "function",
            "props": Object {
              "fillColor": "#4A4A4A",
              "height": 10,
            },
            "ref": null,
            "rendered": null,
            "type": [Function],
          },
          "type": [Function],
        },
        "type": [Function],
      },
      "type": [Function],
    },
  ],
  Symbol(enzyme.__options__): Object {
    "adapter": ReactSixteenAdapter {
      "options": Object {
        "enableComponentDidUpdateOnSetState": true,
      },
    },
  },
}
`;
