// Jest Snapshot v1, https://goo.gl/fbAQLP

exports[`Vertical Tabs component renders correctly 1`] = `
ShallowWrapper {
  "length": 1,
  Symbol(enzyme.__root__): [Circular],
  Symbol(enzyme.__unrendered__): <VerticalTabs
    tabs={
      Array [
        Object {
          "keyText": "test123",
          "label": <span />,
        },
      ]
    }
  />,
  Symbol(enzyme.__renderer__): Object {
    "batchedUpdates": [Function],
    "getNode": [Function],
    "render": [Function],
    "simulateEvent": [Function],
    "unmount": [Function],
  },
  Symbol(enzyme.__node__): Object {
    "instance": null,
    "key": null,
    "nodeType": "class",
    "props": Object {
      "children": Array [
        <styled.nav>
          <styled.ul>
            <NavTabsListItem
              onClick={[Function]}
              selected={true}
              selectedStyle={undefined}
            >
              <styled.div
                show={true}
              />
              <styled.div
                selected={true}
              >
                <span />
              </styled.div>
            </NavTabsListItem>
          </styled.ul>
        </styled.nav>,
        <styled.section
          height={undefined}
        />,
      ],
      "m": undefined,
      "minHeight": undefined,
    },
    "ref": null,
    "rendered": Array [
      Object {
        "instance": null,
        "key": null,
        "nodeType": "class",
        "props": Object {
          "children": <styled.ul>
            <NavTabsListItem
              onClick={[Function]}
              selected={true}
              selectedStyle={undefined}
            >
              <styled.div
                show={true}
              />
              <styled.div
                selected={true}
              >
                <span />
              </styled.div>
            </NavTabsListItem>
          </styled.ul>,
        },
        "ref": null,
        "rendered": Object {
          "instance": null,
          "key": null,
          "nodeType": "class",
          "props": Object {
            "children": Array [
              <NavTabsListItem
                onClick={[Function]}
                selected={true}
                selectedStyle={undefined}
              >
                <styled.div
                  show={true}
                />
                <styled.div
                  selected={true}
                >
                  <span />
                </styled.div>
              </NavTabsListItem>,
            ],
          },
          "ref": null,
          "rendered": Array [
            Object {
              "instance": null,
              "key": "test123",
              "nodeType": "class",
              "props": Object {
                "children": Array [
                  <styled.div
                    show={true}
                  />,
                  <styled.div
                    selected={true}
                  >
                    <span />
                  </styled.div>,
                ],
                "onClick": [Function],
                "selected": true,
                "selectedStyle": undefined,
              },
              "ref": null,
              "rendered": Array [
                Object {
                  "instance": null,
                  "key": null,
                  "nodeType": "class",
                  "props": Object {
                    "show": true,
                  },
                  "ref": null,
                  "rendered": null,
                  "type": [Function],
                },
                Object {
                  "instance": null,
                  "key": null,
                  "nodeType": "class",
                  "props": Object {
                    "children": <span />,
                    "selected": true,
                  },
                  "ref": null,
                  "rendered": Object {
                    "instance": null,
                    "key": null,
                    "nodeType": "host",
                    "props": Object {},
                    "ref": null,
                    "rendered": null,
                    "type": "span",
                  },
                  "type": [Function],
                },
              ],
              "type": [Function],
            },
          ],
          "type": [Function],
        },
        "type": [Function],
      },
      Object {
        "instance": null,
        "key": null,
        "nodeType": "class",
        "props": Object {
          "children": undefined,
          "height": undefined,
        },
        "ref": null,
        "rendered": null,
        "type": [Function],
      },
    ],
    "type": [Function],
  },
  Symbol(enzyme.__nodes__): Array [
    Object {
      "instance": null,
      "key": null,
      "nodeType": "class",
      "props": Object {
        "children": Array [
          <styled.nav>
            <styled.ul>
              <NavTabsListItem
                onClick={[Function]}
                selected={true}
                selectedStyle={undefined}
              >
                <styled.div
                  show={true}
                />
                <styled.div
                  selected={true}
                >
                  <span />
                </styled.div>
              </NavTabsListItem>
            </styled.ul>
          </styled.nav>,
          <styled.section
            height={undefined}
          />,
        ],
        "m": undefined,
        "minHeight": undefined,
      },
      "ref": null,
      "rendered": Array [
        Object {
          "instance": null,
          "key": null,
          "nodeType": "class",
          "props": Object {
            "children": <styled.ul>
              <NavTabsListItem
                onClick={[Function]}
                selected={true}
                selectedStyle={undefined}
              >
                <styled.div
                  show={true}
                />
                <styled.div
                  selected={true}
                >
                  <span />
                </styled.div>
              </NavTabsListItem>
            </styled.ul>,
          },
          "ref": null,
          "rendered": Object {
            "instance": null,
            "key": null,
            "nodeType": "class",
            "props": Object {
              "children": Array [
                <NavTabsListItem
                  onClick={[Function]}
                  selected={true}
                  selectedStyle={undefined}
                >
                  <styled.div
                    show={true}
                  />
                  <styled.div
                    selected={true}
                  >
                    <span />
                  </styled.div>
                </NavTabsListItem>,
              ],
            },
            "ref": null,
            "rendered": Array [
              Object {
                "instance": null,
                "key": "test123",
                "nodeType": "class",
                "props": Object {
                  "children": Array [
                    <styled.div
                      show={true}
                    />,
                    <styled.div
                      selected={true}
                    >
                      <span />
                    </styled.div>,
                  ],
                  "onClick": [Function],
                  "selected": true,
                  "selectedStyle": undefined,
                },
                "ref": null,
                "rendered": Array [
                  Object {
                    "instance": null,
                    "key": null,
                    "nodeType": "class",
                    "props": Object {
                      "show": true,
                    },
                    "ref": null,
                    "rendered": null,
                    "type": [Function],
                  },
                  Object {
                    "instance": null,
                    "key": null,
                    "nodeType": "class",
                    "props": Object {
                      "children": <span />,
                      "selected": true,
                    },
                    "ref": null,
                    "rendered": Object {
                      "instance": null,
                      "key": null,
                      "nodeType": "host",
                      "props": Object {},
                      "ref": null,
                      "rendered": null,
                      "type": "span",
                    },
                    "type": [Function],
                  },
                ],
                "type": [Function],
              },
            ],
            "type": [Function],
          },
          "type": [Function],
        },
        Object {
          "instance": null,
          "key": null,
          "nodeType": "class",
          "props": Object {
            "children": undefined,
            "height": undefined,
          },
          "ref": null,
          "rendered": null,
          "type": [Function],
        },
      ],
      "type": [Function],
    },
  ],
  Symbol(enzyme.__options__): Object {
    "adapter": ReactSixteenAdapter {
      "options": Object {
        "enableComponentDidUpdateOnSetState": true,
      },
    },
  },
}
`;
