// Jest Snapshot v1, https://goo.gl/fbAQLP

exports[`Patient Strip Management component renders correctly 1`] = `
ShallowWrapper {
  "length": 1,
  Symbol(enzyme.__root__): [Circular],
  Symbol(enzyme.__unrendered__): <Unknown
    match={
      Object {
        "params": Object {
          "id": 22,
        },
      }
    }
    patient={
      Object {
        "name": "Patient Test",
      }
    }
  />,
  Symbol(enzyme.__renderer__): Object {
    "batchedUpdates": [Function],
    "getNode": [Function],
    "render": [Function],
    "simulateEvent": [Function],
    "unmount": [Function],
  },
  Symbol(enzyme.__node__): Object {
    "instance": null,
    "key": null,
    "nodeType": "class",
    "props": Object {
      "children": Array [
        <GridItem
          span="12"
        >
          <Connect(withRouter(lifecycle(Component))) />
        </GridItem>,
        <GridItem
          span="12"
        >
          <Card>
            <Connect(mapProps(WithPermissionsComponent))
              hasPermissions={
                Array [
                  "ROLE_USER_SHOW_GRAPHIC_CONFIGURATION",
                ]
              }
            >
              <Unknown
                link="/patients/22"
              />
            </Connect(mapProps(WithPermissionsComponent))>
            <Unknown>
              <TabsHeader
                mb={4}
                ml="0"
                mr="auto"
              >
                <withRouter()
                  exact={true}
                  name="Strip Delivery"
                  path=""
                />
                <Connect(mapProps(WithPermissionsComponent))
                  hasPermissions={
                    Array [
                      "ROLE_STRIP_MNG_STRIP_PRESCRIPTION",
                    ]
                  }
                >
                  <withRouter()
                    name="GUIDELINE"
                    path="prescription"
                  />
                </Connect(mapProps(WithPermissionsComponent))>
                <Connect(mapProps(WithPermissionsComponent))
                  hasPermissions={
                    Array [
                      "ROLE_STRIP_MNG_ALERTS_CONFIG",
                    ]
                  }
                >
                  <withRouter()
                    exact={true}
                    name="Alerts"
                    path="alerts"
                  />
                </Connect(mapProps(WithPermissionsComponent))>
              </TabsHeader>
              <Unknown />
            </Unknown>
          </Card>
        </GridItem>,
      ],
      "marginBottom": true,
    },
    "ref": null,
    "rendered": Array [
      Object {
        "instance": null,
        "key": null,
        "nodeType": "class",
        "props": Object {
          "children": <Connect(withRouter(lifecycle(Component))) />,
          "span": "12",
        },
        "ref": null,
        "rendered": Object {
          "instance": null,
          "key": null,
          "nodeType": "class",
          "props": Object {},
          "ref": null,
          "rendered": null,
          "type": [Function],
        },
        "type": [Function],
      },
      Object {
        "instance": null,
        "key": null,
        "nodeType": "class",
        "props": Object {
          "children": <Card>
            <Connect(mapProps(WithPermissionsComponent))
              hasPermissions={
                Array [
                  "ROLE_USER_SHOW_GRAPHIC_CONFIGURATION",
                ]
              }
            >
              <Unknown
                link="/patients/22"
              />
            </Connect(mapProps(WithPermissionsComponent))>
            <Unknown>
              <TabsHeader
                mb={4}
                ml="0"
                mr="auto"
              >
                <withRouter()
                  exact={true}
                  name="Strip Delivery"
                  path=""
                />
                <Connect(mapProps(WithPermissionsComponent))
                  hasPermissions={
                    Array [
                      "ROLE_STRIP_MNG_STRIP_PRESCRIPTION",
                    ]
                  }
                >
                  <withRouter()
                    name="GUIDELINE"
                    path="prescription"
                  />
                </Connect(mapProps(WithPermissionsComponent))>
                <Connect(mapProps(WithPermissionsComponent))
                  hasPermissions={
                    Array [
                      "ROLE_STRIP_MNG_ALERTS_CONFIG",
                    ]
                  }
                >
                  <withRouter()
                    exact={true}
                    name="Alerts"
                    path="alerts"
                  />
                </Connect(mapProps(WithPermissionsComponent))>
              </TabsHeader>
              <Unknown />
            </Unknown>
          </Card>,
          "span": "12",
        },
        "ref": null,
        "rendered": Object {
          "instance": null,
          "key": null,
          "nodeType": "function",
          "props": Object {
            "children": Array [
              <Connect(mapProps(WithPermissionsComponent))
                hasPermissions={
                  Array [
                    "ROLE_USER_SHOW_GRAPHIC_CONFIGURATION",
                  ]
                }
              >
                <Unknown
                  link="/patients/22"
                />
              </Connect(mapProps(WithPermissionsComponent))>,
              <Unknown>
                <TabsHeader
                  mb={4}
                  ml="0"
                  mr="auto"
                >
                  <withRouter()
                    exact={true}
                    name="Strip Delivery"
                    path=""
                  />
                  <Connect(mapProps(WithPermissionsComponent))
                    hasPermissions={
                      Array [
                        "ROLE_STRIP_MNG_STRIP_PRESCRIPTION",
                      ]
                    }
                  >
                    <withRouter()
                      name="GUIDELINE"
                      path="prescription"
                    />
                  </Connect(mapProps(WithPermissionsComponent))>
                  <Connect(mapProps(WithPermissionsComponent))
                    hasPermissions={
                      Array [
                        "ROLE_STRIP_MNG_ALERTS_CONFIG",
                      ]
                    }
                  >
                    <withRouter()
                      exact={true}
                      name="Alerts"
                      path="alerts"
                    />
                  </Connect(mapProps(WithPermissionsComponent))>
                </TabsHeader>
                <Unknown />
              </Unknown>,
            ],
          },
          "ref": null,
          "rendered": Array [
            Object {
              "instance": null,
              "key": null,
              "nodeType": "class",
              "props": Object {
                "children": <Unknown
                  link="/patients/22"
                />,
                "hasPermissions": Array [
                  "ROLE_USER_SHOW_GRAPHIC_CONFIGURATION",
                ],
              },
              "ref": null,
              "rendered": Object {
                "instance": null,
                "key": null,
                "nodeType": "function",
                "props": Object {
                  "link": "/patients/22",
                },
                "ref": null,
                "rendered": null,
                "type": [Function],
              },
              "type": [Function],
            },
            Object {
              "instance": null,
              "key": null,
              "nodeType": "function",
              "props": Object {
                "children": Array [
                  <TabsHeader
                    mb={4}
                    ml="0"
                    mr="auto"
                  >
                    <withRouter()
                      exact={true}
                      name="Strip Delivery"
                      path=""
                    />
                    <Connect(mapProps(WithPermissionsComponent))
                      hasPermissions={
                        Array [
                          "ROLE_STRIP_MNG_STRIP_PRESCRIPTION",
                        ]
                      }
                    >
                      <withRouter()
                        name="GUIDELINE"
                        path="prescription"
                      />
                    </Connect(mapProps(WithPermissionsComponent))>
                    <Connect(mapProps(WithPermissionsComponent))
                      hasPermissions={
                        Array [
                          "ROLE_STRIP_MNG_ALERTS_CONFIG",
                        ]
                      }
                    >
                      <withRouter()
                        exact={true}
                        name="Alerts"
                        path="alerts"
                      />
                    </Connect(mapProps(WithPermissionsComponent))>
                  </TabsHeader>,
                  <Unknown />,
                ],
              },
              "ref": null,
              "rendered": Array [
                Object {
                  "instance": null,
                  "key": null,
                  "nodeType": "function",
                  "props": Object {
                    "children": Array [
                      <withRouter()
                        exact={true}
                        name="Strip Delivery"
                        path=""
                      />,
                      <Connect(mapProps(WithPermissionsComponent))
                        hasPermissions={
                          Array [
                            "ROLE_STRIP_MNG_STRIP_PRESCRIPTION",
                          ]
                        }
                      >
                        <withRouter()
                          name="GUIDELINE"
                          path="prescription"
                        />
                      </Connect(mapProps(WithPermissionsComponent))>,
                      <Connect(mapProps(WithPermissionsComponent))
                        hasPermissions={
                          Array [
                            "ROLE_STRIP_MNG_ALERTS_CONFIG",
                          ]
                        }
                      >
                        <withRouter()
                          exact={true}
                          name="Alerts"
                          path="alerts"
                        />
                      </Connect(mapProps(WithPermissionsComponent))>,
                    ],
                    "mb": 4,
                    "ml": "0",
                    "mr": "auto",
                  },
                  "ref": null,
                  "rendered": Array [
                    Object {
                      "instance": null,
                      "key": null,
                      "nodeType": "function",
                      "props": Object {
                        "exact": true,
                        "name": "Strip Delivery",
                        "path": "",
                      },
                      "ref": null,
                      "rendered": null,
                      "type": [Function],
                    },
                    Object {
                      "instance": null,
                      "key": null,
                      "nodeType": "class",
                      "props": Object {
                        "children": <withRouter()
                          name="GUIDELINE"
                          path="prescription"
                        />,
                        "hasPermissions": Array [
                          "ROLE_STRIP_MNG_STRIP_PRESCRIPTION",
                        ],
                      },
                      "ref": null,
                      "rendered": Object {
                        "instance": null,
                        "key": null,
                        "nodeType": "function",
                        "props": Object {
                          "name": "GUIDELINE",
                          "path": "prescription",
                        },
                        "ref": null,
                        "rendered": null,
                        "type": [Function],
                      },
                      "type": [Function],
                    },
                    Object {
                      "instance": null,
                      "key": null,
                      "nodeType": "class",
                      "props": Object {
                        "children": <withRouter()
                          exact={true}
                          name="Alerts"
                          path="alerts"
                        />,
                        "hasPermissions": Array [
                          "ROLE_STRIP_MNG_ALERTS_CONFIG",
                        ],
                      },
                      "ref": null,
                      "rendered": Object {
                        "instance": null,
                        "key": null,
                        "nodeType": "function",
                        "props": Object {
                          "exact": true,
                          "name": "Alerts",
                          "path": "alerts",
                        },
                        "ref": null,
                        "rendered": null,
                        "type": [Function],
                      },
                      "type": [Function],
                    },
                  ],
                  "type": [Function],
                },
                Object {
                  "instance": null,
                  "key": null,
                  "nodeType": "function",
                  "props": Object {
                    "children": undefined,
                  },
                  "ref": null,
                  "rendered": null,
                  "type": [Function],
                },
              ],
              "type": [Function],
            },
          ],
          "type": [Function],
        },
        "type": [Function],
      },
    ],
    "type": [Function],
  },
  Symbol(enzyme.__nodes__): Array [
    Object {
      "instance": null,
      "key": null,
      "nodeType": "class",
      "props": Object {
        "children": Array [
          <GridItem
            span="12"
          >
            <Connect(withRouter(lifecycle(Component))) />
          </GridItem>,
          <GridItem
            span="12"
          >
            <Card>
              <Connect(mapProps(WithPermissionsComponent))
                hasPermissions={
                  Array [
                    "ROLE_USER_SHOW_GRAPHIC_CONFIGURATION",
                  ]
                }
              >
                <Unknown
                  link="/patients/22"
                />
              </Connect(mapProps(WithPermissionsComponent))>
              <Unknown>
                <TabsHeader
                  mb={4}
                  ml="0"
                  mr="auto"
                >
                  <withRouter()
                    exact={true}
                    name="Strip Delivery"
                    path=""
                  />
                  <Connect(mapProps(WithPermissionsComponent))
                    hasPermissions={
                      Array [
                        "ROLE_STRIP_MNG_STRIP_PRESCRIPTION",
                      ]
                    }
                  >
                    <withRouter()
                      name="GUIDELINE"
                      path="prescription"
                    />
                  </Connect(mapProps(WithPermissionsComponent))>
                  <Connect(mapProps(WithPermissionsComponent))
                    hasPermissions={
                      Array [
                        "ROLE_STRIP_MNG_ALERTS_CONFIG",
                      ]
                    }
                  >
                    <withRouter()
                      exact={true}
                      name="Alerts"
                      path="alerts"
                    />
                  </Connect(mapProps(WithPermissionsComponent))>
                </TabsHeader>
                <Unknown />
              </Unknown>
            </Card>
          </GridItem>,
        ],
        "marginBottom": true,
      },
      "ref": null,
      "rendered": Array [
        Object {
          "instance": null,
          "key": null,
          "nodeType": "class",
          "props": Object {
            "children": <Connect(withRouter(lifecycle(Component))) />,
            "span": "12",
          },
          "ref": null,
          "rendered": Object {
            "instance": null,
            "key": null,
            "nodeType": "class",
            "props": Object {},
            "ref": null,
            "rendered": null,
            "type": [Function],
          },
          "type": [Function],
        },
        Object {
          "instance": null,
          "key": null,
          "nodeType": "class",
          "props": Object {
            "children": <Card>
              <Connect(mapProps(WithPermissionsComponent))
                hasPermissions={
                  Array [
                    "ROLE_USER_SHOW_GRAPHIC_CONFIGURATION",
                  ]
                }
              >
                <Unknown
                  link="/patients/22"
                />
              </Connect(mapProps(WithPermissionsComponent))>
              <Unknown>
                <TabsHeader
                  mb={4}
                  ml="0"
                  mr="auto"
                >
                  <withRouter()
                    exact={true}
                    name="Strip Delivery"
                    path=""
                  />
                  <Connect(mapProps(WithPermissionsComponent))
                    hasPermissions={
                      Array [
                        "ROLE_STRIP_MNG_STRIP_PRESCRIPTION",
                      ]
                    }
                  >
                    <withRouter()
                      name="GUIDELINE"
                      path="prescription"
                    />
                  </Connect(mapProps(WithPermissionsComponent))>
                  <Connect(mapProps(WithPermissionsComponent))
                    hasPermissions={
                      Array [
                        "ROLE_STRIP_MNG_ALERTS_CONFIG",
                      ]
                    }
                  >
                    <withRouter()
                      exact={true}
                      name="Alerts"
                      path="alerts"
                    />
                  </Connect(mapProps(WithPermissionsComponent))>
                </TabsHeader>
                <Unknown />
              </Unknown>
            </Card>,
            "span": "12",
          },
          "ref": null,
          "rendered": Object {
            "instance": null,
            "key": null,
            "nodeType": "function",
            "props": Object {
              "children": Array [
                <Connect(mapProps(WithPermissionsComponent))
                  hasPermissions={
                    Array [
                      "ROLE_USER_SHOW_GRAPHIC_CONFIGURATION",
                    ]
                  }
                >
                  <Unknown
                    link="/patients/22"
                  />
                </Connect(mapProps(WithPermissionsComponent))>,
                <Unknown>
                  <TabsHeader
                    mb={4}
                    ml="0"
                    mr="auto"
                  >
                    <withRouter()
                      exact={true}
                      name="Strip Delivery"
                      path=""
                    />
                    <Connect(mapProps(WithPermissionsComponent))
                      hasPermissions={
                        Array [
                          "ROLE_STRIP_MNG_STRIP_PRESCRIPTION",
                        ]
                      }
                    >
                      <withRouter()
                        name="GUIDELINE"
                        path="prescription"
                      />
                    </Connect(mapProps(WithPermissionsComponent))>
                    <Connect(mapProps(WithPermissionsComponent))
                      hasPermissions={
                        Array [
                          "ROLE_STRIP_MNG_ALERTS_CONFIG",
                        ]
                      }
                    >
                      <withRouter()
                        exact={true}
                        name="Alerts"
                        path="alerts"
                      />
                    </Connect(mapProps(WithPermissionsComponent))>
                  </TabsHeader>
                  <Unknown />
                </Unknown>,
              ],
            },
            "ref": null,
            "rendered": Array [
              Object {
                "instance": null,
                "key": null,
                "nodeType": "class",
                "props": Object {
                  "children": <Unknown
                    link="/patients/22"
                  />,
                  "hasPermissions": Array [
                    "ROLE_USER_SHOW_GRAPHIC_CONFIGURATION",
                  ],
                },
                "ref": null,
                "rendered": Object {
                  "instance": null,
                  "key": null,
                  "nodeType": "function",
                  "props": Object {
                    "link": "/patients/22",
                  },
                  "ref": null,
                  "rendered": null,
                  "type": [Function],
                },
                "type": [Function],
              },
              Object {
                "instance": null,
                "key": null,
                "nodeType": "function",
                "props": Object {
                  "children": Array [
                    <TabsHeader
                      mb={4}
                      ml="0"
                      mr="auto"
                    >
                      <withRouter()
                        exact={true}
                        name="Strip Delivery"
                        path=""
                      />
                      <Connect(mapProps(WithPermissionsComponent))
                        hasPermissions={
                          Array [
                            "ROLE_STRIP_MNG_STRIP_PRESCRIPTION",
                          ]
                        }
                      >
                        <withRouter()
                          name="GUIDELINE"
                          path="prescription"
                        />
                      </Connect(mapProps(WithPermissionsComponent))>
                      <Connect(mapProps(WithPermissionsComponent))
                        hasPermissions={
                          Array [
                            "ROLE_STRIP_MNG_ALERTS_CONFIG",
                          ]
                        }
                      >
                        <withRouter()
                          exact={true}
                          name="Alerts"
                          path="alerts"
                        />
                      </Connect(mapProps(WithPermissionsComponent))>
                    </TabsHeader>,
                    <Unknown />,
                  ],
                },
                "ref": null,
                "rendered": Array [
                  Object {
                    "instance": null,
                    "key": null,
                    "nodeType": "function",
                    "props": Object {
                      "children": Array [
                        <withRouter()
                          exact={true}
                          name="Strip Delivery"
                          path=""
                        />,
                        <Connect(mapProps(WithPermissionsComponent))
                          hasPermissions={
                            Array [
                              "ROLE_STRIP_MNG_STRIP_PRESCRIPTION",
                            ]
                          }
                        >
                          <withRouter()
                            name="GUIDELINE"
                            path="prescription"
                          />
                        </Connect(mapProps(WithPermissionsComponent))>,
                        <Connect(mapProps(WithPermissionsComponent))
                          hasPermissions={
                            Array [
                              "ROLE_STRIP_MNG_ALERTS_CONFIG",
                            ]
                          }
                        >
                          <withRouter()
                            exact={true}
                            name="Alerts"
                            path="alerts"
                          />
                        </Connect(mapProps(WithPermissionsComponent))>,
                      ],
                      "mb": 4,
                      "ml": "0",
                      "mr": "auto",
                    },
                    "ref": null,
                    "rendered": Array [
                      Object {
                        "instance": null,
                        "key": null,
                        "nodeType": "function",
                        "props": Object {
                          "exact": true,
                          "name": "Strip Delivery",
                          "path": "",
                        },
                        "ref": null,
                        "rendered": null,
                        "type": [Function],
                      },
                      Object {
                        "instance": null,
                        "key": null,
                        "nodeType": "class",
                        "props": Object {
                          "children": <withRouter()
                            name="GUIDELINE"
                            path="prescription"
                          />,
                          "hasPermissions": Array [
                            "ROLE_STRIP_MNG_STRIP_PRESCRIPTION",
                          ],
                        },
                        "ref": null,
                        "rendered": Object {
                          "instance": null,
                          "key": null,
                          "nodeType": "function",
                          "props": Object {
                            "name": "GUIDELINE",
                            "path": "prescription",
                          },
                          "ref": null,
                          "rendered": null,
                          "type": [Function],
                        },
                        "type": [Function],
                      },
                      Object {
                        "instance": null,
                        "key": null,
                        "nodeType": "class",
                        "props": Object {
                          "children": <withRouter()
                            exact={true}
                            name="Alerts"
                            path="alerts"
                          />,
                          "hasPermissions": Array [
                            "ROLE_STRIP_MNG_ALERTS_CONFIG",
                          ],
                        },
                        "ref": null,
                        "rendered": Object {
                          "instance": null,
                          "key": null,
                          "nodeType": "function",
                          "props": Object {
                            "exact": true,
                            "name": "Alerts",
                            "path": "alerts",
                          },
                          "ref": null,
                          "rendered": null,
                          "type": [Function],
                        },
                        "type": [Function],
                      },
                    ],
                    "type": [Function],
                  },
                  Object {
                    "instance": null,
                    "key": null,
                    "nodeType": "function",
                    "props": Object {
                      "children": undefined,
                    },
                    "ref": null,
                    "rendered": null,
                    "type": [Function],
                  },
                ],
                "type": [Function],
              },
            ],
            "type": [Function],
          },
          "type": [Function],
        },
      ],
      "type": [Function],
    },
  ],
  Symbol(enzyme.__options__): Object {
    "adapter": ReactSixteenAdapter {
      "options": Object {
        "enableComponentDidUpdateOnSetState": true,
      },
    },
  },
}
`;
