// Jest Snapshot v1, https://goo.gl/fbAQLP

exports[`Card component renders child content 1`] = `
ShallowWrapper {
  "length": 1,
  Symbol(enzyme.__root__): [Circular],
  Symbol(enzyme.__unrendered__): <Card
    expandable={false}
    title="Card"
  >
    <p
      className="childWrapper__paragraph"
    >
      Test
    </p>
    <p
      className="childWrapper__paragraph"
    >
      Test 2
    </p>
    <p
      className="childWrapper__paragraph"
    >
      Test 3
    </p>
  </Card>,
  Symbol(enzyme.__renderer__): Object {
    "batchedUpdates": [Function],
    "getNode": [Function],
    "render": [Function],
    "simulateEvent": [Function],
    "unmount": [Function],
  },
  Symbol(enzyme.__node__): Object {
    "instance": null,
    "key": null,
    "nodeType": "function",
    "props": Object {
      "cardStyles": Array [
        "default",
      ],
      "children": Array [
        <f1
          validate="Card"
        >
          <CardHeader
            cardStyles={
              Array [
                "default",
              ]
            }
            customHeaderComponent={undefined}
            expandable={false}
            link={undefined}
            title="Card"
          />
        </f1>,
        <Content
          cardStyles={
            Array [
              "default",
            ]
          }
        >
          <p
            className="childWrapper__paragraph"
          >
            Test
          </p>
          <p
            className="childWrapper__paragraph"
          >
            Test 2
          </p>
          <p
            className="childWrapper__paragraph"
          >
            Test 3
          </p>
        </Content>,
      ],
    },
    "ref": null,
    "rendered": Array [
      Object {
        "instance": null,
        "key": null,
        "nodeType": "function",
        "props": Object {
          "children": <CardHeader
            cardStyles={
              Array [
                "default",
              ]
            }
            customHeaderComponent={undefined}
            expandable={false}
            link={undefined}
            title="Card"
          />,
          "validate": "Card",
        },
        "ref": null,
        "rendered": Object {
          "instance": null,
          "key": null,
          "nodeType": "function",
          "props": Object {
            "cardStyles": Array [
              "default",
            ],
            "customHeaderComponent": undefined,
            "expandable": false,
            "link": undefined,
            "title": "Card",
          },
          "ref": null,
          "rendered": null,
          "type": [Function],
        },
        "type": [Function],
      },
      Object {
        "instance": null,
        "key": null,
        "nodeType": "class",
        "props": Object {
          "cardStyles": Array [
            "default",
          ],
          "children": Array [
            <p
              className="childWrapper__paragraph"
            >
              Test
            </p>,
            <p
              className="childWrapper__paragraph"
            >
              Test 2
            </p>,
            <p
              className="childWrapper__paragraph"
            >
              Test 3
            </p>,
          ],
        },
        "ref": null,
        "rendered": Array [
          Object {
            "instance": null,
            "key": null,
            "nodeType": "host",
            "props": Object {
              "children": "Test",
              "className": "childWrapper__paragraph",
            },
            "ref": null,
            "rendered": "Test",
            "type": "p",
          },
          Object {
            "instance": null,
            "key": null,
            "nodeType": "host",
            "props": Object {
              "children": "Test 2",
              "className": "childWrapper__paragraph",
            },
            "ref": null,
            "rendered": "Test 2",
            "type": "p",
          },
          Object {
            "instance": null,
            "key": null,
            "nodeType": "host",
            "props": Object {
              "children": "Test 3",
              "className": "childWrapper__paragraph",
            },
            "ref": null,
            "rendered": "Test 3",
            "type": "p",
          },
        ],
        "type": [Function],
      },
    ],
    "type": [Function],
  },
  Symbol(enzyme.__nodes__): Array [
    Object {
      "instance": null,
      "key": null,
      "nodeType": "function",
      "props": Object {
        "cardStyles": Array [
          "default",
        ],
        "children": Array [
          <f1
            validate="Card"
          >
            <CardHeader
              cardStyles={
                Array [
                  "default",
                ]
              }
              customHeaderComponent={undefined}
              expandable={false}
              link={undefined}
              title="Card"
            />
          </f1>,
          <Content
            cardStyles={
              Array [
                "default",
              ]
            }
          >
            <p
              className="childWrapper__paragraph"
            >
              Test
            </p>
            <p
              className="childWrapper__paragraph"
            >
              Test 2
            </p>
            <p
              className="childWrapper__paragraph"
            >
              Test 3
            </p>
          </Content>,
        ],
      },
      "ref": null,
      "rendered": Array [
        Object {
          "instance": null,
          "key": null,
          "nodeType": "function",
          "props": Object {
            "children": <CardHeader
              cardStyles={
                Array [
                  "default",
                ]
              }
              customHeaderComponent={undefined}
              expandable={false}
              link={undefined}
              title="Card"
            />,
            "validate": "Card",
          },
          "ref": null,
          "rendered": Object {
            "instance": null,
            "key": null,
            "nodeType": "function",
            "props": Object {
              "cardStyles": Array [
                "default",
              ],
              "customHeaderComponent": undefined,
              "expandable": false,
              "link": undefined,
              "title": "Card",
            },
            "ref": null,
            "rendered": null,
            "type": [Function],
          },
          "type": [Function],
        },
        Object {
          "instance": null,
          "key": null,
          "nodeType": "class",
          "props": Object {
            "cardStyles": Array [
              "default",
            ],
            "children": Array [
              <p
                className="childWrapper__paragraph"
              >
                Test
              </p>,
              <p
                className="childWrapper__paragraph"
              >
                Test 2
              </p>,
              <p
                className="childWrapper__paragraph"
              >
                Test 3
              </p>,
            ],
          },
          "ref": null,
          "rendered": Array [
            Object {
              "instance": null,
              "key": null,
              "nodeType": "host",
              "props": Object {
                "children": "Test",
                "className": "childWrapper__paragraph",
              },
              "ref": null,
              "rendered": "Test",
              "type": "p",
            },
            Object {
              "instance": null,
              "key": null,
              "nodeType": "host",
              "props": Object {
                "children": "Test 2",
                "className": "childWrapper__paragraph",
              },
              "ref": null,
              "rendered": "Test 2",
              "type": "p",
            },
            Object {
              "instance": null,
              "key": null,
              "nodeType": "host",
              "props": Object {
                "children": "Test 3",
                "className": "childWrapper__paragraph",
              },
              "ref": null,
              "rendered": "Test 3",
              "type": "p",
            },
          ],
          "type": [Function],
        },
      ],
      "type": [Function],
    },
  ],
  Symbol(enzyme.__options__): Object {
    "adapter": ReactSixteenAdapter {
      "options": Object {
        "enableComponentDidUpdateOnSetState": true,
      },
    },
  },
}
`;
