// Jest Snapshot v1, https://goo.gl/fbAQLP

exports[`Date Picker renders correctly 1`] = `
ShallowWrapper {
  "length": 1,
  Symbol(enzyme.__root__): [Circular],
  Symbol(enzyme.__unrendered__): <DatePicker
    checkIfDateOutOfRange={[MockFunction]}
    displayFormat="DD/MM/YYYY"
    endDate={2017-12-05T15:10:41.000Z}
    isPresetsPanelDisplayed={true}
    onDatesChange={[MockFunction]}
    readOnly={false}
    startDate={2017-11-29T15:10:41.000Z}
  />,
  Symbol(enzyme.__renderer__): Object {
    "batchedUpdates": [Function],
    "getNode": [Function],
    "render": [Function],
    "simulateEvent": [Function],
    "unmount": [Function],
  },
  Symbol(enzyme.__node__): Object {
    "instance": null,
    "key": null,
    "nodeType": "host",
    "props": Object {
      "children": <withStyles(DateRangePicker)
        anchorDirection="left"
        block={false}
        customArrowIcon={null}
        customCloseIcon={null}
        customInputIcon={null}
        daySize={39}
        disabled={false}
        displayFormat="DD/MM/YYYY"
        enableOutsideDays={false}
        endDate={"2017-12-05T15:10:41.000Z"}
        endDateId="endDateInput"
        endDatePlaceholderText="End Date"
        firstDayOfWeek={null}
        focusedInput={null}
        hideKeyboardShortcutsPanel={false}
        horizontalMargin={0}
        initialVisibleMonth={[Function]}
        inputIconPosition="before"
        isDayBlocked={[Function]}
        isDayHighlighted={[Function]}
        isOutsideRange={[Function]}
        isRTL={false}
        keepOpenOnDateSelect={true}
        minimumNights={0}
        monthFormat="MMMM YYYY"
        navNext={null}
        navPrev={null}
        noBorder={false}
        numberOfMonths={2}
        onClose={[Function]}
        onDatesChange={[Function]}
        onFocusChange={[Function]}
        onNextMonthClick={[Function]}
        onPrevMonthClick={[Function]}
        openDirection="down"
        orientation="horizontal"
        phrases={
          Object {
            "calendarLabel": "Calendar",
            "chooseAvailableEndDate": [Function],
            "chooseAvailableStartDate": [Function],
            "clearDates": "Clear Dates",
            "closeDatePicker": "Close",
            "dateIsUnavailable": [Function],
            "enterKey": "Enter key",
            "escape": "Escape key",
            "focusStartDate": "Interact with the calendar and add the check-in date for your trip.",
            "hideKeyboardShortcutsPanel": "Close the shortcuts panel.",
            "homeEnd": "Home and end keys",
            "jumpToNextMonth": "Move forward to switch to the next month.",
            "jumpToPrevMonth": "Move backward to switch to the previous month.",
            "keyboardNavigationInstructions": "Press the down arrow key to interact with the calendar and
  select a date. Press the question mark key to get the keyboard shortcuts for changing dates.",
            "keyboardShortcuts": "Keyboard Shortcuts",
            "leftArrowRightArrow": "Right and left arrow keys",
            "moveFocusByOneDay": "Move backward (left) and forward (right) by one day.",
            "moveFocusByOneMonth": "Switch months.",
            "moveFocusByOneWeek": "Move backward (up) and forward (down) by one week.",
            "moveFocustoStartAndEndOfWeek": "Go to the first or last day of a week.",
            "openThisPanel": "Open this panel.",
            "pageUpPageDown": "page up and page down keys",
            "questionMark": "Question mark",
            "returnFocusToInput": "Return to the date input field.",
            "selectFocusedDate": "Select the date in focus.",
            "showKeyboardShortcutsPanel": "Open the keyboard shortcuts panel.",
            "upArrowDownArrow": "up and down arrow keys",
          }
        }
        readOnly={false}
        renderCalendarInfo={[Function]}
        renderDay={null}
        renderMonth={null}
        reopenPickerOnClearDates={false}
        required={false}
        screenReaderInputMessage=""
        showClearDates={false}
        showDefaultInputIcon={false}
        startDate={"2017-11-29T15:10:41.000Z"}
        startDateId="startDateInput"
        startDatePlaceholderText="Start Date"
        transitionDuration={undefined}
        verticalHeight={null}
        weekDayFormat="dd"
        withFullScreenPortal={false}
        withPortal={false}
      />,
    },
    "ref": [Function],
    "rendered": Object {
      "instance": null,
      "key": null,
      "nodeType": "class",
      "props": Object {
        "anchorDirection": "left",
        "block": false,
        "customArrowIcon": null,
        "customCloseIcon": null,
        "customInputIcon": null,
        "daySize": 39,
        "disabled": false,
        "displayFormat": "DD/MM/YYYY",
        "enableOutsideDays": false,
        "endDate": "2017-12-05T15:10:41.000Z",
        "endDateId": "endDateInput",
        "endDatePlaceholderText": "End Date",
        "firstDayOfWeek": null,
        "focusedInput": null,
        "hideKeyboardShortcutsPanel": false,
        "horizontalMargin": 0,
        "initialVisibleMonth": [Function],
        "inputIconPosition": "before",
        "isDayBlocked": [Function],
        "isDayHighlighted": [Function],
        "isOutsideRange": [Function],
        "isRTL": false,
        "keepOpenOnDateSelect": true,
        "minimumNights": 0,
        "monthFormat": "MMMM YYYY",
        "navNext": null,
        "navPrev": null,
        "noBorder": false,
        "numberOfMonths": 2,
        "onClose": [Function],
        "onDatesChange": [Function],
        "onFocusChange": [Function],
        "onNextMonthClick": [Function],
        "onPrevMonthClick": [Function],
        "openDirection": "down",
        "orientation": "horizontal",
        "phrases": Object {
          "calendarLabel": "Calendar",
          "chooseAvailableEndDate": [Function],
          "chooseAvailableStartDate": [Function],
          "clearDates": "Clear Dates",
          "closeDatePicker": "Close",
          "dateIsUnavailable": [Function],
          "enterKey": "Enter key",
          "escape": "Escape key",
          "focusStartDate": "Interact with the calendar and add the check-in date for your trip.",
          "hideKeyboardShortcutsPanel": "Close the shortcuts panel.",
          "homeEnd": "Home and end keys",
          "jumpToNextMonth": "Move forward to switch to the next month.",
          "jumpToPrevMonth": "Move backward to switch to the previous month.",
          "keyboardNavigationInstructions": "Press the down arrow key to interact with the calendar and
  select a date. Press the question mark key to get the keyboard shortcuts for changing dates.",
          "keyboardShortcuts": "Keyboard Shortcuts",
          "leftArrowRightArrow": "Right and left arrow keys",
          "moveFocusByOneDay": "Move backward (left) and forward (right) by one day.",
          "moveFocusByOneMonth": "Switch months.",
          "moveFocusByOneWeek": "Move backward (up) and forward (down) by one week.",
          "moveFocustoStartAndEndOfWeek": "Go to the first or last day of a week.",
          "openThisPanel": "Open this panel.",
          "pageUpPageDown": "page up and page down keys",
          "questionMark": "Question mark",
          "returnFocusToInput": "Return to the date input field.",
          "selectFocusedDate": "Select the date in focus.",
          "showKeyboardShortcutsPanel": "Open the keyboard shortcuts panel.",
          "upArrowDownArrow": "up and down arrow keys",
        },
        "readOnly": false,
        "renderCalendarInfo": [Function],
        "renderDay": null,
        "renderMonth": null,
        "reopenPickerOnClearDates": false,
        "required": false,
        "screenReaderInputMessage": "",
        "showClearDates": false,
        "showDefaultInputIcon": false,
        "startDate": "2017-11-29T15:10:41.000Z",
        "startDateId": "startDateInput",
        "startDatePlaceholderText": "Start Date",
        "transitionDuration": undefined,
        "verticalHeight": null,
        "weekDayFormat": "dd",
        "withFullScreenPortal": false,
        "withPortal": false,
      },
      "ref": null,
      "rendered": null,
      "type": [Function],
    },
    "type": "div",
  },
  Symbol(enzyme.__nodes__): Array [
    Object {
      "instance": null,
      "key": null,
      "nodeType": "host",
      "props": Object {
        "children": <withStyles(DateRangePicker)
          anchorDirection="left"
          block={false}
          customArrowIcon={null}
          customCloseIcon={null}
          customInputIcon={null}
          daySize={39}
          disabled={false}
          displayFormat="DD/MM/YYYY"
          enableOutsideDays={false}
          endDate={"2017-12-05T15:10:41.000Z"}
          endDateId="endDateInput"
          endDatePlaceholderText="End Date"
          firstDayOfWeek={null}
          focusedInput={null}
          hideKeyboardShortcutsPanel={false}
          horizontalMargin={0}
          initialVisibleMonth={[Function]}
          inputIconPosition="before"
          isDayBlocked={[Function]}
          isDayHighlighted={[Function]}
          isOutsideRange={[Function]}
          isRTL={false}
          keepOpenOnDateSelect={true}
          minimumNights={0}
          monthFormat="MMMM YYYY"
          navNext={null}
          navPrev={null}
          noBorder={false}
          numberOfMonths={2}
          onClose={[Function]}
          onDatesChange={[Function]}
          onFocusChange={[Function]}
          onNextMonthClick={[Function]}
          onPrevMonthClick={[Function]}
          openDirection="down"
          orientation="horizontal"
          phrases={
            Object {
              "calendarLabel": "Calendar",
              "chooseAvailableEndDate": [Function],
              "chooseAvailableStartDate": [Function],
              "clearDates": "Clear Dates",
              "closeDatePicker": "Close",
              "dateIsUnavailable": [Function],
              "enterKey": "Enter key",
              "escape": "Escape key",
              "focusStartDate": "Interact with the calendar and add the check-in date for your trip.",
              "hideKeyboardShortcutsPanel": "Close the shortcuts panel.",
              "homeEnd": "Home and end keys",
              "jumpToNextMonth": "Move forward to switch to the next month.",
              "jumpToPrevMonth": "Move backward to switch to the previous month.",
              "keyboardNavigationInstructions": "Press the down arrow key to interact with the calendar and
  select a date. Press the question mark key to get the keyboard shortcuts for changing dates.",
              "keyboardShortcuts": "Keyboard Shortcuts",
              "leftArrowRightArrow": "Right and left arrow keys",
              "moveFocusByOneDay": "Move backward (left) and forward (right) by one day.",
              "moveFocusByOneMonth": "Switch months.",
              "moveFocusByOneWeek": "Move backward (up) and forward (down) by one week.",
              "moveFocustoStartAndEndOfWeek": "Go to the first or last day of a week.",
              "openThisPanel": "Open this panel.",
              "pageUpPageDown": "page up and page down keys",
              "questionMark": "Question mark",
              "returnFocusToInput": "Return to the date input field.",
              "selectFocusedDate": "Select the date in focus.",
              "showKeyboardShortcutsPanel": "Open the keyboard shortcuts panel.",
              "upArrowDownArrow": "up and down arrow keys",
            }
          }
          readOnly={false}
          renderCalendarInfo={[Function]}
          renderDay={null}
          renderMonth={null}
          reopenPickerOnClearDates={false}
          required={false}
          screenReaderInputMessage=""
          showClearDates={false}
          showDefaultInputIcon={false}
          startDate={"2017-11-29T15:10:41.000Z"}
          startDateId="startDateInput"
          startDatePlaceholderText="Start Date"
          transitionDuration={undefined}
          verticalHeight={null}
          weekDayFormat="dd"
          withFullScreenPortal={false}
          withPortal={false}
        />,
      },
      "ref": [Function],
      "rendered": Object {
        "instance": null,
        "key": null,
        "nodeType": "class",
        "props": Object {
          "anchorDirection": "left",
          "block": false,
          "customArrowIcon": null,
          "customCloseIcon": null,
          "customInputIcon": null,
          "daySize": 39,
          "disabled": false,
          "displayFormat": "DD/MM/YYYY",
          "enableOutsideDays": false,
          "endDate": "2017-12-05T15:10:41.000Z",
          "endDateId": "endDateInput",
          "endDatePlaceholderText": "End Date",
          "firstDayOfWeek": null,
          "focusedInput": null,
          "hideKeyboardShortcutsPanel": false,
          "horizontalMargin": 0,
          "initialVisibleMonth": [Function],
          "inputIconPosition": "before",
          "isDayBlocked": [Function],
          "isDayHighlighted": [Function],
          "isOutsideRange": [Function],
          "isRTL": false,
          "keepOpenOnDateSelect": true,
          "minimumNights": 0,
          "monthFormat": "MMMM YYYY",
          "navNext": null,
          "navPrev": null,
          "noBorder": false,
          "numberOfMonths": 2,
          "onClose": [Function],
          "onDatesChange": [Function],
          "onFocusChange": [Function],
          "onNextMonthClick": [Function],
          "onPrevMonthClick": [Function],
          "openDirection": "down",
          "orientation": "horizontal",
          "phrases": Object {
            "calendarLabel": "Calendar",
            "chooseAvailableEndDate": [Function],
            "chooseAvailableStartDate": [Function],
            "clearDates": "Clear Dates",
            "closeDatePicker": "Close",
            "dateIsUnavailable": [Function],
            "enterKey": "Enter key",
            "escape": "Escape key",
            "focusStartDate": "Interact with the calendar and add the check-in date for your trip.",
            "hideKeyboardShortcutsPanel": "Close the shortcuts panel.",
            "homeEnd": "Home and end keys",
            "jumpToNextMonth": "Move forward to switch to the next month.",
            "jumpToPrevMonth": "Move backward to switch to the previous month.",
            "keyboardNavigationInstructions": "Press the down arrow key to interact with the calendar and
  select a date. Press the question mark key to get the keyboard shortcuts for changing dates.",
            "keyboardShortcuts": "Keyboard Shortcuts",
            "leftArrowRightArrow": "Right and left arrow keys",
            "moveFocusByOneDay": "Move backward (left) and forward (right) by one day.",
            "moveFocusByOneMonth": "Switch months.",
            "moveFocusByOneWeek": "Move backward (up) and forward (down) by one week.",
            "moveFocustoStartAndEndOfWeek": "Go to the first or last day of a week.",
            "openThisPanel": "Open this panel.",
            "pageUpPageDown": "page up and page down keys",
            "questionMark": "Question mark",
            "returnFocusToInput": "Return to the date input field.",
            "selectFocusedDate": "Select the date in focus.",
            "showKeyboardShortcutsPanel": "Open the keyboard shortcuts panel.",
            "upArrowDownArrow": "up and down arrow keys",
          },
          "readOnly": false,
          "renderCalendarInfo": [Function],
          "renderDay": null,
          "renderMonth": null,
          "reopenPickerOnClearDates": false,
          "required": false,
          "screenReaderInputMessage": "",
          "showClearDates": false,
          "showDefaultInputIcon": false,
          "startDate": "2017-11-29T15:10:41.000Z",
          "startDateId": "startDateInput",
          "startDatePlaceholderText": "Start Date",
          "transitionDuration": undefined,
          "verticalHeight": null,
          "weekDayFormat": "dd",
          "withFullScreenPortal": false,
          "withPortal": false,
        },
        "ref": null,
        "rendered": null,
        "type": [Function],
      },
      "type": "div",
    },
  ],
  Symbol(enzyme.__options__): Object {
    "adapter": ReactSixteenAdapter {
      "options": Object {
        "enableComponentDidUpdateOnSetState": true,
      },
    },
  },
}
`;
