// Jest Snapshot v1, https://goo.gl/fbAQLP

exports[`Add prescription component Renders correctly 1`] = `
ShallowWrapper {
  "length": 1,
  Symbol(enzyme.__root__): [Circular],
  Symbol(enzyme.__unrendered__): <Unknown
    disabled={false}
    expandHandler={[Function]}
  />,
  Symbol(enzyme.__renderer__): Object {
    "batchedUpdates": [Function],
    "getNode": [Function],
    "render": [Function],
    "simulateEvent": [Function],
    "unmount": [Function],
  },
  Symbol(enzyme.__node__): Object {
    "instance": null,
    "key": null,
    "nodeType": "class",
    "props": Object {
      "children": Array [
        <Unknown
          clickHandler={[Function]}
        />,
        <span>
          <LocalizedText
            textKey="prescription.createNewTemporary"
          />
        </span>,
      ],
      "disabled": false,
      "onClick": [Function],
      "role": "button",
    },
    "ref": null,
    "rendered": Array [
      Object {
        "instance": null,
        "key": null,
        "nodeType": "function",
        "props": Object {
          "clickHandler": [Function],
        },
        "ref": null,
        "rendered": null,
        "type": [Function],
      },
      Object {
        "instance": null,
        "key": null,
        "nodeType": "host",
        "props": Object {
          "children": <LocalizedText
            textKey="prescription.createNewTemporary"
          />,
        },
        "ref": null,
        "rendered": Object {
          "instance": null,
          "key": null,
          "nodeType": "function",
          "props": Object {
            "textKey": "prescription.createNewTemporary",
          },
          "ref": null,
          "rendered": null,
          "type": [Function],
        },
        "type": "span",
      },
    ],
    "type": [Function],
  },
  Symbol(enzyme.__nodes__): Array [
    Object {
      "instance": null,
      "key": null,
      "nodeType": "class",
      "props": Object {
        "children": Array [
          <Unknown
            clickHandler={[Function]}
          />,
          <span>
            <LocalizedText
              textKey="prescription.createNewTemporary"
            />
          </span>,
        ],
        "disabled": false,
        "onClick": [Function],
        "role": "button",
      },
      "ref": null,
      "rendered": Array [
        Object {
          "instance": null,
          "key": null,
          "nodeType": "function",
          "props": Object {
            "clickHandler": [Function],
          },
          "ref": null,
          "rendered": null,
          "type": [Function],
        },
        Object {
          "instance": null,
          "key": null,
          "nodeType": "host",
          "props": Object {
            "children": <LocalizedText
              textKey="prescription.createNewTemporary"
            />,
          },
          "ref": null,
          "rendered": Object {
            "instance": null,
            "key": null,
            "nodeType": "function",
            "props": Object {
              "textKey": "prescription.createNewTemporary",
            },
            "ref": null,
            "rendered": null,
            "type": [Function],
          },
          "type": "span",
        },
      ],
      "type": [Function],
    },
  ],
  Symbol(enzyme.__options__): Object {
    "adapter": ReactSixteenAdapter {
      "options": Object {
        "enableComponentDidUpdateOnSetState": true,
      },
    },
  },
}
`;
