// Jest Snapshot v1, https://goo.gl/fbAQLP

exports[`Total stock card component Renders correctly 1`] = `
ShallowWrapper {
  "length": 1,
  Symbol(enzyme.__root__): [Circular],
  Symbol(enzyme.__unrendered__): <Unknown
    aggregateStock={
      Object {
        "lastShipmentDate": "2018-02-27T00:00:00.000Z",
        "stripStock": 100,
        "tubeStock": 5000,
      }
    }
  />,
  Symbol(enzyme.__renderer__): Object {
    "batchedUpdates": [Function],
    "getNode": [Function],
    "render": [Function],
    "simulateEvent": [Function],
    "unmount": [Function],
  },
  Symbol(enzyme.__node__): Object {
    "instance": null,
    "key": null,
    "nodeType": "function",
    "props": Object {
      "cardStyles": Array [
        "secondary",
      ],
      "children": <styled.div>
        <styled.h5>
          <LocalizedText
            textKey="orgStock.totalStock.title"
          />
        </styled.h5>
        <styled.div>
          <styled.p>
            <LocalizedText
              textKey="orgStock.totalStock.lastAddedDate"
            />
            <span>
              : 
              2018-02-27T00:00:00.000Z
            </span>
          </styled.p>
        </styled.div>
        <styled.div>
          <Badge
            icon={
              <Unknown
                height={56}
              />
            }
            size={120}
          />
        </styled.div>
        <styled.div>
          <styled.div>
            <styled.div>
              5000
            </styled.div>
            <styled.p>
              <LocalizedText
                textKey="orgStock.totalStock.tubes"
              />
            </styled.p>
          </styled.div>
          <styled.div />
          <styled.div>
            <styled.div>
              100
            </styled.div>
            <styled.p>
              <LocalizedText
                textKey="orgStock.totalStock.strips"
              />
            </styled.p>
          </styled.div>
        </styled.div>
      </styled.div>,
    },
    "ref": null,
    "rendered": Object {
      "instance": null,
      "key": null,
      "nodeType": "class",
      "props": Object {
        "children": Array [
          <styled.h5>
            <LocalizedText
              textKey="orgStock.totalStock.title"
            />
          </styled.h5>,
          <styled.div>
            <styled.p>
              <LocalizedText
                textKey="orgStock.totalStock.lastAddedDate"
              />
              <span>
                : 
                2018-02-27T00:00:00.000Z
              </span>
            </styled.p>
          </styled.div>,
          <styled.div>
            <Badge
              icon={
                <Unknown
                  height={56}
                />
              }
              size={120}
            />
          </styled.div>,
          <styled.div>
            <styled.div>
              <styled.div>
                5000
              </styled.div>
              <styled.p>
                <LocalizedText
                  textKey="orgStock.totalStock.tubes"
                />
              </styled.p>
            </styled.div>
            <styled.div />
            <styled.div>
              <styled.div>
                100
              </styled.div>
              <styled.p>
                <LocalizedText
                  textKey="orgStock.totalStock.strips"
                />
              </styled.p>
            </styled.div>
          </styled.div>,
        ],
      },
      "ref": null,
      "rendered": Array [
        Object {
          "instance": null,
          "key": null,
          "nodeType": "class",
          "props": Object {
            "children": <LocalizedText
              textKey="orgStock.totalStock.title"
            />,
          },
          "ref": null,
          "rendered": Object {
            "instance": null,
            "key": null,
            "nodeType": "function",
            "props": Object {
              "textKey": "orgStock.totalStock.title",
            },
            "ref": null,
            "rendered": null,
            "type": [Function],
          },
          "type": [Function],
        },
        Object {
          "instance": null,
          "key": null,
          "nodeType": "class",
          "props": Object {
            "children": <styled.p>
              <LocalizedText
                textKey="orgStock.totalStock.lastAddedDate"
              />
              <span>
                : 
                2018-02-27T00:00:00.000Z
              </span>
            </styled.p>,
          },
          "ref": null,
          "rendered": Object {
            "instance": null,
            "key": null,
            "nodeType": "class",
            "props": Object {
              "children": Array [
                <LocalizedText
                  textKey="orgStock.totalStock.lastAddedDate"
                />,
                <span>
                  : 
                  2018-02-27T00:00:00.000Z
                </span>,
              ],
            },
            "ref": null,
            "rendered": Array [
              Object {
                "instance": null,
                "key": null,
                "nodeType": "function",
                "props": Object {
                  "textKey": "orgStock.totalStock.lastAddedDate",
                },
                "ref": null,
                "rendered": null,
                "type": [Function],
              },
              Object {
                "instance": null,
                "key": null,
                "nodeType": "host",
                "props": Object {
                  "children": Array [
                    ": ",
                    "2018-02-27T00:00:00.000Z",
                  ],
                },
                "ref": null,
                "rendered": Array [
                  ": ",
                  "2018-02-27T00:00:00.000Z",
                ],
                "type": "span",
              },
            ],
            "type": [Function],
          },
          "type": [Function],
        },
        Object {
          "instance": null,
          "key": null,
          "nodeType": "class",
          "props": Object {
            "children": <Badge
              icon={
                <Unknown
                  height={56}
                />
              }
              size={120}
            />,
          },
          "ref": null,
          "rendered": Object {
            "instance": null,
            "key": null,
            "nodeType": "function",
            "props": Object {
              "icon": <Unknown
                height={56}
              />,
              "size": 120,
            },
            "ref": null,
            "rendered": null,
            "type": [Function],
          },
          "type": [Function],
        },
        Object {
          "instance": null,
          "key": null,
          "nodeType": "class",
          "props": Object {
            "children": Array [
              <styled.div>
                <styled.div>
                  5000
                </styled.div>
                <styled.p>
                  <LocalizedText
                    textKey="orgStock.totalStock.tubes"
                  />
                </styled.p>
              </styled.div>,
              <styled.div />,
              <styled.div>
                <styled.div>
                  100
                </styled.div>
                <styled.p>
                  <LocalizedText
                    textKey="orgStock.totalStock.strips"
                  />
                </styled.p>
              </styled.div>,
            ],
          },
          "ref": null,
          "rendered": Array [
            Object {
              "instance": null,
              "key": null,
              "nodeType": "class",
              "props": Object {
                "children": Array [
                  <styled.div>
                    5000
                  </styled.div>,
                  <styled.p>
                    <LocalizedText
                      textKey="orgStock.totalStock.tubes"
                    />
                  </styled.p>,
                ],
              },
              "ref": null,
              "rendered": Array [
                Object {
                  "instance": null,
                  "key": null,
                  "nodeType": "class",
                  "props": Object {
                    "children": 5000,
                  },
                  "ref": null,
                  "rendered": 5000,
                  "type": [Function],
                },
                Object {
                  "instance": null,
                  "key": null,
                  "nodeType": "class",
                  "props": Object {
                    "children": <LocalizedText
                      textKey="orgStock.totalStock.tubes"
                    />,
                  },
                  "ref": null,
                  "rendered": Object {
                    "instance": null,
                    "key": null,
                    "nodeType": "function",
                    "props": Object {
                      "textKey": "orgStock.totalStock.tubes",
                    },
                    "ref": null,
                    "rendered": null,
                    "type": [Function],
                  },
                  "type": [Function],
                },
              ],
              "type": [Function],
            },
            Object {
              "instance": null,
              "key": null,
              "nodeType": "class",
              "props": Object {},
              "ref": null,
              "rendered": null,
              "type": [Function],
            },
            Object {
              "instance": null,
              "key": null,
              "nodeType": "class",
              "props": Object {
                "children": Array [
                  <styled.div>
                    100
                  </styled.div>,
                  <styled.p>
                    <LocalizedText
                      textKey="orgStock.totalStock.strips"
                    />
                  </styled.p>,
                ],
              },
              "ref": null,
              "rendered": Array [
                Object {
                  "instance": null,
                  "key": null,
                  "nodeType": "class",
                  "props": Object {
                    "children": 100,
                  },
                  "ref": null,
                  "rendered": 100,
                  "type": [Function],
                },
                Object {
                  "instance": null,
                  "key": null,
                  "nodeType": "class",
                  "props": Object {
                    "children": <LocalizedText
                      textKey="orgStock.totalStock.strips"
                    />,
                  },
                  "ref": null,
                  "rendered": Object {
                    "instance": null,
                    "key": null,
                    "nodeType": "function",
                    "props": Object {
                      "textKey": "orgStock.totalStock.strips",
                    },
                    "ref": null,
                    "rendered": null,
                    "type": [Function],
                  },
                  "type": [Function],
                },
              ],
              "type": [Function],
            },
          ],
          "type": [Function],
        },
      ],
      "type": [Function],
    },
    "type": [Function],
  },
  Symbol(enzyme.__nodes__): Array [
    Object {
      "instance": null,
      "key": null,
      "nodeType": "function",
      "props": Object {
        "cardStyles": Array [
          "secondary",
        ],
        "children": <styled.div>
          <styled.h5>
            <LocalizedText
              textKey="orgStock.totalStock.title"
            />
          </styled.h5>
          <styled.div>
            <styled.p>
              <LocalizedText
                textKey="orgStock.totalStock.lastAddedDate"
              />
              <span>
                : 
                2018-02-27T00:00:00.000Z
              </span>
            </styled.p>
          </styled.div>
          <styled.div>
            <Badge
              icon={
                <Unknown
                  height={56}
                />
              }
              size={120}
            />
          </styled.div>
          <styled.div>
            <styled.div>
              <styled.div>
                5000
              </styled.div>
              <styled.p>
                <LocalizedText
                  textKey="orgStock.totalStock.tubes"
                />
              </styled.p>
            </styled.div>
            <styled.div />
            <styled.div>
              <styled.div>
                100
              </styled.div>
              <styled.p>
                <LocalizedText
                  textKey="orgStock.totalStock.strips"
                />
              </styled.p>
            </styled.div>
          </styled.div>
        </styled.div>,
      },
      "ref": null,
      "rendered": Object {
        "instance": null,
        "key": null,
        "nodeType": "class",
        "props": Object {
          "children": Array [
            <styled.h5>
              <LocalizedText
                textKey="orgStock.totalStock.title"
              />
            </styled.h5>,
            <styled.div>
              <styled.p>
                <LocalizedText
                  textKey="orgStock.totalStock.lastAddedDate"
                />
                <span>
                  : 
                  2018-02-27T00:00:00.000Z
                </span>
              </styled.p>
            </styled.div>,
            <styled.div>
              <Badge
                icon={
                  <Unknown
                    height={56}
                  />
                }
                size={120}
              />
            </styled.div>,
            <styled.div>
              <styled.div>
                <styled.div>
                  5000
                </styled.div>
                <styled.p>
                  <LocalizedText
                    textKey="orgStock.totalStock.tubes"
                  />
                </styled.p>
              </styled.div>
              <styled.div />
              <styled.div>
                <styled.div>
                  100
                </styled.div>
                <styled.p>
                  <LocalizedText
                    textKey="orgStock.totalStock.strips"
                  />
                </styled.p>
              </styled.div>
            </styled.div>,
          ],
        },
        "ref": null,
        "rendered": Array [
          Object {
            "instance": null,
            "key": null,
            "nodeType": "class",
            "props": Object {
              "children": <LocalizedText
                textKey="orgStock.totalStock.title"
              />,
            },
            "ref": null,
            "rendered": Object {
              "instance": null,
              "key": null,
              "nodeType": "function",
              "props": Object {
                "textKey": "orgStock.totalStock.title",
              },
              "ref": null,
              "rendered": null,
              "type": [Function],
            },
            "type": [Function],
          },
          Object {
            "instance": null,
            "key": null,
            "nodeType": "class",
            "props": Object {
              "children": <styled.p>
                <LocalizedText
                  textKey="orgStock.totalStock.lastAddedDate"
                />
                <span>
                  : 
                  2018-02-27T00:00:00.000Z
                </span>
              </styled.p>,
            },
            "ref": null,
            "rendered": Object {
              "instance": null,
              "key": null,
              "nodeType": "class",
              "props": Object {
                "children": Array [
                  <LocalizedText
                    textKey="orgStock.totalStock.lastAddedDate"
                  />,
                  <span>
                    : 
                    2018-02-27T00:00:00.000Z
                  </span>,
                ],
              },
              "ref": null,
              "rendered": Array [
                Object {
                  "instance": null,
                  "key": null,
                  "nodeType": "function",
                  "props": Object {
                    "textKey": "orgStock.totalStock.lastAddedDate",
                  },
                  "ref": null,
                  "rendered": null,
                  "type": [Function],
                },
                Object {
                  "instance": null,
                  "key": null,
                  "nodeType": "host",
                  "props": Object {
                    "children": Array [
                      ": ",
                      "2018-02-27T00:00:00.000Z",
                    ],
                  },
                  "ref": null,
                  "rendered": Array [
                    ": ",
                    "2018-02-27T00:00:00.000Z",
                  ],
                  "type": "span",
                },
              ],
              "type": [Function],
            },
            "type": [Function],
          },
          Object {
            "instance": null,
            "key": null,
            "nodeType": "class",
            "props": Object {
              "children": <Badge
                icon={
                  <Unknown
                    height={56}
                  />
                }
                size={120}
              />,
            },
            "ref": null,
            "rendered": Object {
              "instance": null,
              "key": null,
              "nodeType": "function",
              "props": Object {
                "icon": <Unknown
                  height={56}
                />,
                "size": 120,
              },
              "ref": null,
              "rendered": null,
              "type": [Function],
            },
            "type": [Function],
          },
          Object {
            "instance": null,
            "key": null,
            "nodeType": "class",
            "props": Object {
              "children": Array [
                <styled.div>
                  <styled.div>
                    5000
                  </styled.div>
                  <styled.p>
                    <LocalizedText
                      textKey="orgStock.totalStock.tubes"
                    />
                  </styled.p>
                </styled.div>,
                <styled.div />,
                <styled.div>
                  <styled.div>
                    100
                  </styled.div>
                  <styled.p>
                    <LocalizedText
                      textKey="orgStock.totalStock.strips"
                    />
                  </styled.p>
                </styled.div>,
              ],
            },
            "ref": null,
            "rendered": Array [
              Object {
                "instance": null,
                "key": null,
                "nodeType": "class",
                "props": Object {
                  "children": Array [
                    <styled.div>
                      5000
                    </styled.div>,
                    <styled.p>
                      <LocalizedText
                        textKey="orgStock.totalStock.tubes"
                      />
                    </styled.p>,
                  ],
                },
                "ref": null,
                "rendered": Array [
                  Object {
                    "instance": null,
                    "key": null,
                    "nodeType": "class",
                    "props": Object {
                      "children": 5000,
                    },
                    "ref": null,
                    "rendered": 5000,
                    "type": [Function],
                  },
                  Object {
                    "instance": null,
                    "key": null,
                    "nodeType": "class",
                    "props": Object {
                      "children": <LocalizedText
                        textKey="orgStock.totalStock.tubes"
                      />,
                    },
                    "ref": null,
                    "rendered": Object {
                      "instance": null,
                      "key": null,
                      "nodeType": "function",
                      "props": Object {
                        "textKey": "orgStock.totalStock.tubes",
                      },
                      "ref": null,
                      "rendered": null,
                      "type": [Function],
                    },
                    "type": [Function],
                  },
                ],
                "type": [Function],
              },
              Object {
                "instance": null,
                "key": null,
                "nodeType": "class",
                "props": Object {},
                "ref": null,
                "rendered": null,
                "type": [Function],
              },
              Object {
                "instance": null,
                "key": null,
                "nodeType": "class",
                "props": Object {
                  "children": Array [
                    <styled.div>
                      100
                    </styled.div>,
                    <styled.p>
                      <LocalizedText
                        textKey="orgStock.totalStock.strips"
                      />
                    </styled.p>,
                  ],
                },
                "ref": null,
                "rendered": Array [
                  Object {
                    "instance": null,
                    "key": null,
                    "nodeType": "class",
                    "props": Object {
                      "children": 100,
                    },
                    "ref": null,
                    "rendered": 100,
                    "type": [Function],
                  },
                  Object {
                    "instance": null,
                    "key": null,
                    "nodeType": "class",
                    "props": Object {
                      "children": <LocalizedText
                        textKey="orgStock.totalStock.strips"
                      />,
                    },
                    "ref": null,
                    "rendered": Object {
                      "instance": null,
                      "key": null,
                      "nodeType": "function",
                      "props": Object {
                        "textKey": "orgStock.totalStock.strips",
                      },
                      "ref": null,
                      "rendered": null,
                      "type": [Function],
                    },
                    "type": [Function],
                  },
                ],
                "type": [Function],
              },
            ],
            "type": [Function],
          },
        ],
        "type": [Function],
      },
      "type": [Function],
    },
  ],
  Symbol(enzyme.__options__): Object {
    "adapter": ReactSixteenAdapter {
      "options": Object {
        "enableComponentDidUpdateOnSetState": true,
      },
    },
  },
}
`;
