// Jest Snapshot v1, https://goo.gl/fbAQLP

exports[`Prescription summary card component Renders correctly 1`] = `
ShallowWrapper {
  "length": 1,
  Symbol(enzyme.__root__): [Circular],
  Symbol(enzyme.__unrendered__): <Unknown
    patientStock={100}
    period="days"
    quantity={6}
    titleKey="title"
  />,
  Symbol(enzyme.__renderer__): Object {
    "batchedUpdates": [Function],
    "getNode": [Function],
    "render": [Function],
    "simulateEvent": [Function],
    "unmount": [Function],
  },
  Symbol(enzyme.__node__): Object {
    "instance": null,
    "key": null,
    "nodeType": "class",
    "props": Object {
      "active": false,
      "children": <styled.div
        frequency=""
        isUnsaved={false}
        nextDeliveryDate=""
        prescriptionType="permanent"
      >
        <styled.div
          active={false}
          isNested={false}
        >
          <styled.div>
            <styled.h1>
              <LocalizedText
                textKey="prescription.title"
              />
            </styled.h1>
            <f1
              validate={true}
            >
              <styled.h2>
                PRIMARY
              </styled.h2>
            </f1>
          </styled.div>
        </styled.div>
        <f1
          validate={true}
        >
          <styled.div>
            <styled.span>
              Strip Consumption
            </styled.span>
            <styled.span>
              6 x Day
            </styled.span>
          </styled.div>
        </f1>
        <f1
          validate=""
        >
          <styled.div>
            <styled.span>
              Next delivery:
            </styled.span>
            <styled.span>
              
            </styled.span>
          </styled.div>
        </f1>
        <f1
          validate=""
        >
          <styled.div>
            <styled.span>
              Model
            </styled.span>
            <styled.span>
              
            </styled.span>
          </styled.div>
        </f1>
        <f1
          validate={true}
        >
          <styled.div>
            <styled.span>
              Total Patient Stock
            </styled.span>
            <styled.span>
              100 UDS
            </styled.span>
          </styled.div>
        </f1>
        <f1
          validate={false}
        >
          <styled.div>
            No information on file. Complete new patient form below.
          </styled.div>
        </f1>
      </styled.div>,
      "noPadding": true,
    },
    "ref": null,
    "rendered": Object {
      "instance": null,
      "key": null,
      "nodeType": "class",
      "props": Object {
        "children": Array [
          <styled.div
            active={false}
            isNested={false}
          >
            <styled.div>
              <styled.h1>
                <LocalizedText
                  textKey="prescription.title"
                />
              </styled.h1>
              <f1
                validate={true}
              >
                <styled.h2>
                  PRIMARY
                </styled.h2>
              </f1>
            </styled.div>
          </styled.div>,
          <f1
            validate={true}
          >
            <styled.div>
              <styled.span>
                Strip Consumption
              </styled.span>
              <styled.span>
                6 x Day
              </styled.span>
            </styled.div>
          </f1>,
          <f1
            validate=""
          >
            <styled.div>
              <styled.span>
                Next delivery:
              </styled.span>
              <styled.span>
                
              </styled.span>
            </styled.div>
          </f1>,
          <f1
            validate=""
          >
            <styled.div>
              <styled.span>
                Model
              </styled.span>
              <styled.span>
                
              </styled.span>
            </styled.div>
          </f1>,
          <f1
            validate={true}
          >
            <styled.div>
              <styled.span>
                Total Patient Stock
              </styled.span>
              <styled.span>
                100 UDS
              </styled.span>
            </styled.div>
          </f1>,
          <f1
            validate={false}
          >
            <styled.div>
              No information on file. Complete new patient form below.
            </styled.div>
          </f1>,
        ],
        "frequency": "",
        "isUnsaved": false,
        "nextDeliveryDate": "",
        "prescriptionType": "permanent",
      },
      "ref": null,
      "rendered": Array [
        Object {
          "instance": null,
          "key": null,
          "nodeType": "class",
          "props": Object {
            "active": false,
            "children": <styled.div>
              <styled.h1>
                <LocalizedText
                  textKey="prescription.title"
                />
              </styled.h1>
              <f1
                validate={true}
              >
                <styled.h2>
                  PRIMARY
                </styled.h2>
              </f1>
            </styled.div>,
            "isNested": false,
          },
          "ref": null,
          "rendered": Object {
            "instance": null,
            "key": null,
            "nodeType": "class",
            "props": Object {
              "children": Array [
                <styled.h1>
                  <LocalizedText
                    textKey="prescription.title"
                  />
                </styled.h1>,
                <f1
                  validate={true}
                >
                  <styled.h2>
                    PRIMARY
                  </styled.h2>
                </f1>,
              ],
            },
            "ref": null,
            "rendered": Array [
              Object {
                "instance": null,
                "key": null,
                "nodeType": "class",
                "props": Object {
                  "children": <LocalizedText
                    textKey="prescription.title"
                  />,
                },
                "ref": null,
                "rendered": Object {
                  "instance": null,
                  "key": null,
                  "nodeType": "function",
                  "props": Object {
                    "textKey": "prescription.title",
                  },
                  "ref": null,
                  "rendered": null,
                  "type": [Function],
                },
                "type": [Function],
              },
              Object {
                "instance": null,
                "key": null,
                "nodeType": "function",
                "props": Object {
                  "children": <styled.h2>
                    PRIMARY
                  </styled.h2>,
                  "validate": true,
                },
                "ref": null,
                "rendered": Object {
                  "instance": null,
                  "key": null,
                  "nodeType": "class",
                  "props": Object {
                    "children": "PRIMARY",
                  },
                  "ref": null,
                  "rendered": "PRIMARY",
                  "type": [Function],
                },
                "type": [Function],
              },
            ],
            "type": [Function],
          },
          "type": [Function],
        },
        Object {
          "instance": null,
          "key": null,
          "nodeType": "function",
          "props": Object {
            "children": <styled.div>
              <styled.span>
                Strip Consumption
              </styled.span>
              <styled.span>
                6 x Day
              </styled.span>
            </styled.div>,
            "validate": true,
          },
          "ref": null,
          "rendered": Object {
            "instance": null,
            "key": null,
            "nodeType": "class",
            "props": Object {
              "children": Array [
                <styled.span>
                  Strip Consumption
                </styled.span>,
                <styled.span>
                  6 x Day
                </styled.span>,
              ],
            },
            "ref": null,
            "rendered": Array [
              Object {
                "instance": null,
                "key": null,
                "nodeType": "class",
                "props": Object {
                  "children": "Strip Consumption",
                },
                "ref": null,
                "rendered": "Strip Consumption",
                "type": [Function],
              },
              Object {
                "instance": null,
                "key": null,
                "nodeType": "class",
                "props": Object {
                  "children": "6 x Day",
                },
                "ref": null,
                "rendered": "6 x Day",
                "type": [Function],
              },
            ],
            "type": [Function],
          },
          "type": [Function],
        },
        Object {
          "instance": null,
          "key": null,
          "nodeType": "function",
          "props": Object {
            "children": <styled.div>
              <styled.span>
                Next delivery:
              </styled.span>
              <styled.span>
                
              </styled.span>
            </styled.div>,
            "validate": "",
          },
          "ref": null,
          "rendered": Object {
            "instance": null,
            "key": null,
            "nodeType": "class",
            "props": Object {
              "children": Array [
                <styled.span>
                  Next delivery:
                </styled.span>,
                <styled.span>
                  
                </styled.span>,
              ],
            },
            "ref": null,
            "rendered": Array [
              Object {
                "instance": null,
                "key": null,
                "nodeType": "class",
                "props": Object {
                  "children": "Next delivery:",
                },
                "ref": null,
                "rendered": "Next delivery:",
                "type": [Function],
              },
              Object {
                "instance": null,
                "key": null,
                "nodeType": "class",
                "props": Object {
                  "children": "",
                },
                "ref": null,
                "rendered": "",
                "type": [Function],
              },
            ],
            "type": [Function],
          },
          "type": [Function],
        },
        Object {
          "instance": null,
          "key": null,
          "nodeType": "function",
          "props": Object {
            "children": <styled.div>
              <styled.span>
                Model
              </styled.span>
              <styled.span>
                
              </styled.span>
            </styled.div>,
            "validate": "",
          },
          "ref": null,
          "rendered": Object {
            "instance": null,
            "key": null,
            "nodeType": "class",
            "props": Object {
              "children": Array [
                <styled.span>
                  Model
                </styled.span>,
                <styled.span>
                  
                </styled.span>,
              ],
            },
            "ref": null,
            "rendered": Array [
              Object {
                "instance": null,
                "key": null,
                "nodeType": "class",
                "props": Object {
                  "children": "Model",
                },
                "ref": null,
                "rendered": "Model",
                "type": [Function],
              },
              Object {
                "instance": null,
                "key": null,
                "nodeType": "class",
                "props": Object {
                  "children": "",
                },
                "ref": null,
                "rendered": "",
                "type": [Function],
              },
            ],
            "type": [Function],
          },
          "type": [Function],
        },
        Object {
          "instance": null,
          "key": null,
          "nodeType": "function",
          "props": Object {
            "children": <styled.div>
              <styled.span>
                Total Patient Stock
              </styled.span>
              <styled.span>
                100 UDS
              </styled.span>
            </styled.div>,
            "validate": true,
          },
          "ref": null,
          "rendered": Object {
            "instance": null,
            "key": null,
            "nodeType": "class",
            "props": Object {
              "children": Array [
                <styled.span>
                  Total Patient Stock
                </styled.span>,
                <styled.span>
                  100 UDS
                </styled.span>,
              ],
            },
            "ref": null,
            "rendered": Array [
              Object {
                "instance": null,
                "key": null,
                "nodeType": "class",
                "props": Object {
                  "children": "Total Patient Stock",
                },
                "ref": null,
                "rendered": "Total Patient Stock",
                "type": [Function],
              },
              Object {
                "instance": null,
                "key": null,
                "nodeType": "class",
                "props": Object {
                  "children": "100 UDS",
                },
                "ref": null,
                "rendered": "100 UDS",
                "type": [Function],
              },
            ],
            "type": [Function],
          },
          "type": [Function],
        },
        Object {
          "instance": null,
          "key": null,
          "nodeType": "function",
          "props": Object {
            "children": <styled.div>
              No information on file. Complete new patient form below.
            </styled.div>,
            "validate": false,
          },
          "ref": null,
          "rendered": Object {
            "instance": null,
            "key": null,
            "nodeType": "class",
            "props": Object {
              "children": "No information on file. Complete new patient form below.",
            },
            "ref": null,
            "rendered": "No information on file. Complete new patient form below.",
            "type": [Function],
          },
          "type": [Function],
        },
      ],
      "type": [Function],
    },
    "type": [Function],
  },
  Symbol(enzyme.__nodes__): Array [
    Object {
      "instance": null,
      "key": null,
      "nodeType": "class",
      "props": Object {
        "active": false,
        "children": <styled.div
          frequency=""
          isUnsaved={false}
          nextDeliveryDate=""
          prescriptionType="permanent"
        >
          <styled.div
            active={false}
            isNested={false}
          >
            <styled.div>
              <styled.h1>
                <LocalizedText
                  textKey="prescription.title"
                />
              </styled.h1>
              <f1
                validate={true}
              >
                <styled.h2>
                  PRIMARY
                </styled.h2>
              </f1>
            </styled.div>
          </styled.div>
          <f1
            validate={true}
          >
            <styled.div>
              <styled.span>
                Strip Consumption
              </styled.span>
              <styled.span>
                6 x Day
              </styled.span>
            </styled.div>
          </f1>
          <f1
            validate=""
          >
            <styled.div>
              <styled.span>
                Next delivery:
              </styled.span>
              <styled.span>
                
              </styled.span>
            </styled.div>
          </f1>
          <f1
            validate=""
          >
            <styled.div>
              <styled.span>
                Model
              </styled.span>
              <styled.span>
                
              </styled.span>
            </styled.div>
          </f1>
          <f1
            validate={true}
          >
            <styled.div>
              <styled.span>
                Total Patient Stock
              </styled.span>
              <styled.span>
                100 UDS
              </styled.span>
            </styled.div>
          </f1>
          <f1
            validate={false}
          >
            <styled.div>
              No information on file. Complete new patient form below.
            </styled.div>
          </f1>
        </styled.div>,
        "noPadding": true,
      },
      "ref": null,
      "rendered": Object {
        "instance": null,
        "key": null,
        "nodeType": "class",
        "props": Object {
          "children": Array [
            <styled.div
              active={false}
              isNested={false}
            >
              <styled.div>
                <styled.h1>
                  <LocalizedText
                    textKey="prescription.title"
                  />
                </styled.h1>
                <f1
                  validate={true}
                >
                  <styled.h2>
                    PRIMARY
                  </styled.h2>
                </f1>
              </styled.div>
            </styled.div>,
            <f1
              validate={true}
            >
              <styled.div>
                <styled.span>
                  Strip Consumption
                </styled.span>
                <styled.span>
                  6 x Day
                </styled.span>
              </styled.div>
            </f1>,
            <f1
              validate=""
            >
              <styled.div>
                <styled.span>
                  Next delivery:
                </styled.span>
                <styled.span>
                  
                </styled.span>
              </styled.div>
            </f1>,
            <f1
              validate=""
            >
              <styled.div>
                <styled.span>
                  Model
                </styled.span>
                <styled.span>
                  
                </styled.span>
              </styled.div>
            </f1>,
            <f1
              validate={true}
            >
              <styled.div>
                <styled.span>
                  Total Patient Stock
                </styled.span>
                <styled.span>
                  100 UDS
                </styled.span>
              </styled.div>
            </f1>,
            <f1
              validate={false}
            >
              <styled.div>
                No information on file. Complete new patient form below.
              </styled.div>
            </f1>,
          ],
          "frequency": "",
          "isUnsaved": false,
          "nextDeliveryDate": "",
          "prescriptionType": "permanent",
        },
        "ref": null,
        "rendered": Array [
          Object {
            "instance": null,
            "key": null,
            "nodeType": "class",
            "props": Object {
              "active": false,
              "children": <styled.div>
                <styled.h1>
                  <LocalizedText
                    textKey="prescription.title"
                  />
                </styled.h1>
                <f1
                  validate={true}
                >
                  <styled.h2>
                    PRIMARY
                  </styled.h2>
                </f1>
              </styled.div>,
              "isNested": false,
            },
            "ref": null,
            "rendered": Object {
              "instance": null,
              "key": null,
              "nodeType": "class",
              "props": Object {
                "children": Array [
                  <styled.h1>
                    <LocalizedText
                      textKey="prescription.title"
                    />
                  </styled.h1>,
                  <f1
                    validate={true}
                  >
                    <styled.h2>
                      PRIMARY
                    </styled.h2>
                  </f1>,
                ],
              },
              "ref": null,
              "rendered": Array [
                Object {
                  "instance": null,
                  "key": null,
                  "nodeType": "class",
                  "props": Object {
                    "children": <LocalizedText
                      textKey="prescription.title"
                    />,
                  },
                  "ref": null,
                  "rendered": Object {
                    "instance": null,
                    "key": null,
                    "nodeType": "function",
                    "props": Object {
                      "textKey": "prescription.title",
                    },
                    "ref": null,
                    "rendered": null,
                    "type": [Function],
                  },
                  "type": [Function],
                },
                Object {
                  "instance": null,
                  "key": null,
                  "nodeType": "function",
                  "props": Object {
                    "children": <styled.h2>
                      PRIMARY
                    </styled.h2>,
                    "validate": true,
                  },
                  "ref": null,
                  "rendered": Object {
                    "instance": null,
                    "key": null,
                    "nodeType": "class",
                    "props": Object {
                      "children": "PRIMARY",
                    },
                    "ref": null,
                    "rendered": "PRIMARY",
                    "type": [Function],
                  },
                  "type": [Function],
                },
              ],
              "type": [Function],
            },
            "type": [Function],
          },
          Object {
            "instance": null,
            "key": null,
            "nodeType": "function",
            "props": Object {
              "children": <styled.div>
                <styled.span>
                  Strip Consumption
                </styled.span>
                <styled.span>
                  6 x Day
                </styled.span>
              </styled.div>,
              "validate": true,
            },
            "ref": null,
            "rendered": Object {
              "instance": null,
              "key": null,
              "nodeType": "class",
              "props": Object {
                "children": Array [
                  <styled.span>
                    Strip Consumption
                  </styled.span>,
                  <styled.span>
                    6 x Day
                  </styled.span>,
                ],
              },
              "ref": null,
              "rendered": Array [
                Object {
                  "instance": null,
                  "key": null,
                  "nodeType": "class",
                  "props": Object {
                    "children": "Strip Consumption",
                  },
                  "ref": null,
                  "rendered": "Strip Consumption",
                  "type": [Function],
                },
                Object {
                  "instance": null,
                  "key": null,
                  "nodeType": "class",
                  "props": Object {
                    "children": "6 x Day",
                  },
                  "ref": null,
                  "rendered": "6 x Day",
                  "type": [Function],
                },
              ],
              "type": [Function],
            },
            "type": [Function],
          },
          Object {
            "instance": null,
            "key": null,
            "nodeType": "function",
            "props": Object {
              "children": <styled.div>
                <styled.span>
                  Next delivery:
                </styled.span>
                <styled.span>
                  
                </styled.span>
              </styled.div>,
              "validate": "",
            },
            "ref": null,
            "rendered": Object {
              "instance": null,
              "key": null,
              "nodeType": "class",
              "props": Object {
                "children": Array [
                  <styled.span>
                    Next delivery:
                  </styled.span>,
                  <styled.span>
                    
                  </styled.span>,
                ],
              },
              "ref": null,
              "rendered": Array [
                Object {
                  "instance": null,
                  "key": null,
                  "nodeType": "class",
                  "props": Object {
                    "children": "Next delivery:",
                  },
                  "ref": null,
                  "rendered": "Next delivery:",
                  "type": [Function],
                },
                Object {
                  "instance": null,
                  "key": null,
                  "nodeType": "class",
                  "props": Object {
                    "children": "",
                  },
                  "ref": null,
                  "rendered": "",
                  "type": [Function],
                },
              ],
              "type": [Function],
            },
            "type": [Function],
          },
          Object {
            "instance": null,
            "key": null,
            "nodeType": "function",
            "props": Object {
              "children": <styled.div>
                <styled.span>
                  Model
                </styled.span>
                <styled.span>
                  
                </styled.span>
              </styled.div>,
              "validate": "",
            },
            "ref": null,
            "rendered": Object {
              "instance": null,
              "key": null,
              "nodeType": "class",
              "props": Object {
                "children": Array [
                  <styled.span>
                    Model
                  </styled.span>,
                  <styled.span>
                    
                  </styled.span>,
                ],
              },
              "ref": null,
              "rendered": Array [
                Object {
                  "instance": null,
                  "key": null,
                  "nodeType": "class",
                  "props": Object {
                    "children": "Model",
                  },
                  "ref": null,
                  "rendered": "Model",
                  "type": [Function],
                },
                Object {
                  "instance": null,
                  "key": null,
                  "nodeType": "class",
                  "props": Object {
                    "children": "",
                  },
                  "ref": null,
                  "rendered": "",
                  "type": [Function],
                },
              ],
              "type": [Function],
            },
            "type": [Function],
          },
          Object {
            "instance": null,
            "key": null,
            "nodeType": "function",
            "props": Object {
              "children": <styled.div>
                <styled.span>
                  Total Patient Stock
                </styled.span>
                <styled.span>
                  100 UDS
                </styled.span>
              </styled.div>,
              "validate": true,
            },
            "ref": null,
            "rendered": Object {
              "instance": null,
              "key": null,
              "nodeType": "class",
              "props": Object {
                "children": Array [
                  <styled.span>
                    Total Patient Stock
                  </styled.span>,
                  <styled.span>
                    100 UDS
                  </styled.span>,
                ],
              },
              "ref": null,
              "rendered": Array [
                Object {
                  "instance": null,
                  "key": null,
                  "nodeType": "class",
                  "props": Object {
                    "children": "Total Patient Stock",
                  },
                  "ref": null,
                  "rendered": "Total Patient Stock",
                  "type": [Function],
                },
                Object {
                  "instance": null,
                  "key": null,
                  "nodeType": "class",
                  "props": Object {
                    "children": "100 UDS",
                  },
                  "ref": null,
                  "rendered": "100 UDS",
                  "type": [Function],
                },
              ],
              "type": [Function],
            },
            "type": [Function],
          },
          Object {
            "instance": null,
            "key": null,
            "nodeType": "function",
            "props": Object {
              "children": <styled.div>
                No information on file. Complete new patient form below.
              </styled.div>,
              "validate": false,
            },
            "ref": null,
            "rendered": Object {
              "instance": null,
              "key": null,
              "nodeType": "class",
              "props": Object {
                "children": "No information on file. Complete new patient form below.",
              },
              "ref": null,
              "rendered": "No information on file. Complete new patient form below.",
              "type": [Function],
            },
            "type": [Function],
          },
        ],
        "type": [Function],
      },
      "type": [Function],
    },
  ],
  Symbol(enzyme.__options__): Object {
    "adapter": ReactSixteenAdapter {
      "options": Object {
        "enableComponentDidUpdateOnSetState": true,
      },
    },
  },
}
`;
